<html>
<body>
<pre>
<h1>礦ision Build Log</h1>
<h2>Tool Versions:</h2>
IDE-Version: μVision V5.25.3.0
Copyright (C) 2018 ARM Ltd and ARM Germany GmbH. All rights reserved.
License Information: 1 Microsoft, Microsoft, LIC=S5ITG-V5G2Q-BXVUY-I5T0J-4HUEL-MI8C5
 
Tool Versions:
Toolchain:       MDK-ARM Professional  Version: 5.25.2.0
Toolchain Path:  D:\Keil_v5\ARM\ARMCC\Bin
C Compiler:      Armcc.exe V5.06 update 6 (build 750)
Assembler:       Armasm.exe V5.06 update 6 (build 750)
Linker/Locator:  ArmLink.exe V5.06 update 6 (build 750)
Library Manager: ArmAr.exe V5.06 update 6 (build 750)
Hex Converter:   FromElf.exe V5.06 update 6 (build 750)
CPU DLL:         SARMCM3.DLL V5.25.2.0
Dialog DLL:      DARMP1.DLL V1.27.0.0
Target DLL:      Segger\JL2CM3.dll V2.99.29.0
Dialog DLL:      TARMP1.DLL V1.26.0.0
 
<h2>Project:</h2>
F:\JK2817N-20190112\Project\project.uvprojx
Project File Date:  01/12/2019

<h2>Output:</h2>
*** Using Compiler 'V5.06 update 6 (build 750)', folder: 'D:\Keil_v5\ARM\ARMCC\Bin'
Build target 'Open1788'
compiling test.c...
..\User\Test\test.c(261): warning:  #175-D: subscript out of range
                      ComBuf3.send.buf[7+11]='F';
..\User\Test\test.c(268): warning:  #175-D: subscript out of range
                      ComBuf3.send.buf[7+11]='P';
..\User\Test\test.c(278): warning:  #175-D: subscript out of range
          ComBuf3.send.buf[7+12]=0XBF;
..\User\Test\test.c(349): warning:  #223-D: function "GPIO_ClearInt" declared implicitly
      GPIO_ClearInt(0, 1<<19);
..\User\Test\test.c(286): warning:  #550-D: variable "Main_Second"  was set but never used
        Main_Second_TypeDed Main_Second;//主参数和幅参赛的序号
..\User\Test\test.c(289): warning:  #177-D: variable "i"  was declared but never referenced
      uint8_t page=1,i;
..\User\Test\test.c(3176): warning:  #177-D: variable "Set_Time"  was declared but never referenced
      RTC_TIME_Type Set_Time;
..\User\Test\test.c(4096): warning:  #223-D: function "UARTPuts" declared implicitly
      UARTPuts( LPC_UART0, debugbuff);//发送校正命令
..\User\Test\test.c(4079): warning:  #177-D: variable "sendnum"  was declared but never referenced
      uint8_t setupflag=0,sendnum;
..\User\Test\test.c(4412): warning:  #177-D: variable "str"  was declared but never referenced
        u8 str[(FRAME_LEN_MAX-FRAME_LEN_MIN)+1];//收发数据缓冲
..\User\Test\test.c(5799): warning:  #550-D: variable "bytes_written"  was set but never used
      uint32_t  bytes_written;
..\User\Test\test.c(5833): warning:  #223-D: function "GPIO_ClearInt" declared implicitly
        GPIO_ClearInt(0, 1<<19);        
..\User\Test\test.c(6319): warning:  #550-D: variable "password_flag"  was set but never used
      char password_flag=0;
..\User\Test\test.c: 13 warnings, 0 errors
linking...
Program Size: Code=80276 RO-data=425644 RW-data=284 ZI-data=18204  
FromELF: creating hex file...
".\Output\project.axf" - 0 Error(s), 13 Warning(s).

<h2>Software Packages used:</h2>

Package Vendor: Keil
                http://www.keil.com/pack/Keil.LPC1700_DFP.2.5.0.pack
                Keil.LPC1700_DFP.2.5.0
                NXP LPC1700 Series Device Support, Drivers and Examples for MCB1700 and LPC1788-32

<h2>Collection of Component include folders:</h2>
  .\RTE\_Open1788
  D:\Keil_v5\ARM\PACK\Keil\LPC1700_DFP\2.5.0\Device\Include

<h2>Collection of Component Files used:</h2>
Build Time Elapsed:  00:00:02
</pre>
</body>
</html>
