Component: ARM Compiler 5.06 update 6 (build 750) Tool: armlink [4d35ed]

==============================================================================

Section Cross References

    ex_sdram.o(.text) refers to timer.o(.text) for delayMs
    ex_sdram.o(.text) refers to system_lpc177x_8x.o(.data) for SystemCoreClock
    main.o(.text) refers to lpc177x_8x_gpio.o(.text) for GPIO_GetIntStatus
    main.o(.text) refers to lpc177x_8x_clkpwr.o(.text) for CLKPWR_GetCLK
    main.o(.text) refers to key.o(.text) for HW_keyInt
    main.o(.text) refers to debug_frmwrk.o(.text) for debug_frmwrk_init
    main.o(.text) refers to lpc177x_8x_eeprom.o(.text) for EEPROM_Init
    main.o(.text) refers to rtc.o(.text) for RTC_INT
    main.o(.text) refers to ex_sdram.o(.text) for SDRAM_Init
    main.o(.text) refers to lpc177x_8x_lcd.o(.text) for GLCD_Ctrl
    main.o(.text) refers to test.o(.text) for Power_Process
    main.o(.text) refers to usbhost_lpc17xx.o(.text) for Host_Init
    main.o(.text) refers to usbhost_ms.o(.text) for MS_Init
    main.o(.text) refers to usbhost_fat.o(.text) for FAT_Init
    main.o(.text) refers to globalvalue.o(.data) for softswitch
    main.o(.text) refers to logo.o(.data) for LogoPic
    main.o(.text) refers to main.o(.data) for SysTickCnt
    timer.o(.text) refers to system_lpc177x_8x.o(.data) for PeripheralClock
    timer.o(.text) refers to timer.o(.data) for timer0_counter
    lpc177x_8x_lcd.o(.text) refers to system_lpc177x_8x.o(.data) for PeripheralClock
    lpc177x_8x_lcd.o(.text) refers to asciilib.o(.text) for GetASCIICode
    lpc177x_8x_lcd.o(.text) refers to lpc177x_8x_lcd.o(.constdata) for GB_21
    lpc177x_8x_lcd.o(.text) refers to lpc177x_8x_lcd.o(.data) for Colour
    lpc177x_8x_lcd.o(.text) refers to asciilib.o(.constdata) for _num
    lpc177x_8x_lcd.o(.text) refers to globalvalue.o(.bss) for DispBuf
    logo.o(.data) refers to logo.o(.constdata) for LogoStream
    logo.o(.data) refers to logo.o(.conststring) for .conststring
    touchpanel.o(.text) refers to lpc177x_8x_ssp.o(.text) for SSP_ReadWrite
    touchpanel.o(.text) refers to lpc177x_8x_pinsel.o(.text) for PINSEL_ConfigPin
    touchpanel.o(.text) refers to lpc177x_8x_gpio.o(.text) for GPIO_SetDir
    touchpanel.o(.text) refers to memseta.o(.text) for __aeabi_memclr4
    touchpanel.o(.text) refers to dflti.o(.text) for __aeabi_i2d
    touchpanel.o(.text) refers to cdcmple.o(.text) for __aeabi_cdcmpeq
    touchpanel.o(.text) refers to touchpanel.o(.bss) for dataCfg
    touchpanel.o(.text) refers to touchpanel.o(.data) for screen
    touchpanel.o(.text) refers to dfltui.o(.text) for __aeabi_ui2d
    touchpanel.o(.text) refers to dmul.o(.text) for __aeabi_dmul
    touchpanel.o(.text) refers to dadd.o(.text) for __aeabi_dadd
    touchpanel.o(.text) refers to ddiv.o(.text) for __aeabi_ddiv
    touchpanel.o(.text) refers to dfixui.o(.text) for __aeabi_d2uiz
    touchpanel.o(.text) refers to lpc177x_8x_lcd.o(.text) for lcd_Clear
    use_disp.o(.text) refers to lpc177x_8x_lcd.o(.text) for LCD_DrawRect
    use_disp.o(.text) refers to lpc177x_8x_lcd.o(.data) for Colour
    use_disp.o(.text) refers to use_disp.o(.constdata) for Set_Unit
    use_disp.o(.text) refers to globalvalue.o(.bss) for SaveData
    use_disp.o(.text) refers to asciilib.o(.constdata) for Out_Assic
    use_disp.o(.text) refers to rtc.o(.bss) for RTC_TIME_DISP
    use_disp.o(.text) refers to printf6.o(i.__0sprintf$6) for __2sprintf
    use_disp.o(.text) refers to use_disp.o(.data) for Correc_successflag
    use_disp.o(.text) refers to memcpya.o(.text) for __aeabi_memcpy4
    use_disp.o(.text) refers to dfltui.o(.text) for __aeabi_ui2d
    use_disp.o(.text) refers to cdrcmple.o(.text) for __aeabi_cdrcmple
    use_disp.o(.text) refers to ffltui.o(.text) for __aeabi_ui2f
    use_disp.o(.text) refers to f2d.o(.text) for __aeabi_f2d
    use_disp.o(.text) refers to pow.o(i.pow) for pow
    use_disp.o(.text) refers to dfixui.o(.text) for __aeabi_d2uiz
    use_disp.o(.text) refers to key.o(.text) for HW_KeyScsn
    use_disp.o(.text) refers to main.o(.text) for Delay
    use_disp.o(.text) refers to debug_frmwrk.o(.text) for UARTPuts
    use_disp.o(.text) refers to globalvalue.o(.data) for SystemStatus
    use_disp.o(.text) refers to debug_frmwrk.o(.bss) for ComBuf
    use_disp.o(.text) refers to memseta.o(.text) for __aeabi_memclr4
    use_disp.o(.text) refers to test.o(.constdata) for Disp_Main_Ord
    use_disp.o(.text) refers to lpc177x_8x_eeprom.o(.text) for EEPROM_Write
    use_disp.o(.data) refers to use_disp.o(.constdata) for User_FUNC
    asciilib.o(.text) refers to memcpya.o(.text) for __aeabi_memcpy
    asciilib.o(.text) refers to asciilib.o(.constdata) for AsciiLib
    test.o(.text) refers to use_disp.o(.text) for Disp_Button_value1
    test.o(.text) refers to key.o(.text) for HW_KeyScsn
    test.o(.text) refers to strcmp.o(.text) for strcmp
    test.o(.text) refers to lpc177x_8x_lcd.o(.text) for LCD_DrawLine
[...]
    _printf_g                                0x00000000   Number         0  stubs.o ABSOLUTE
    _printf_i                                0x00000000   Number         0  stubs.o ABSOLUTE
    _printf_int_dec                          0x00000000   Number         0  stubs.o ABSOLUTE
    _printf_l                                0x00000000   Number         0  stubs.o ABSOLUTE
    _printf_lc                               0x00000000   Number         0  stubs.o ABSOLUTE
    _printf_ll                               0x00000000   Number         0  stubs.o ABSOLUTE
    _printf_lld                              0x00000000   Number         0  stubs.o ABSOLUTE
    _printf_lli                              0x00000000   Number         0  stubs.o ABSOLUTE
    _printf_llo                              0x00000000   Number         0  stubs.o ABSOLUTE
    _printf_llu                              0x00000000   Number         0  stubs.o ABSOLUTE
    _printf_llx                              0x00000000   Number         0  stubs.o ABSOLUTE
    _printf_longlong_dec                     0x00000000   Number         0  stubs.o ABSOLUTE
    _printf_longlong_hex                     0x00000000   Number         0  stubs.o ABSOLUTE
    _printf_longlong_oct                     0x00000000   Number         0  stubs.o ABSOLUTE
    _printf_ls                               0x00000000   Number         0  stubs.o ABSOLUTE
    _printf_mbtowc                           0x00000000   Number         0  stubs.o ABSOLUTE
    _printf_n                                0x00000000   Number         0  stubs.o ABSOLUTE
    _printf_o                                0x00000000   Number         0  stubs.o ABSOLUTE
    _printf_p                                0x00000000   Number         0  stubs.o ABSOLUTE
    _printf_percent                          0x00000000   Number         0  stubs.o ABSOLUTE
    _printf_pre_padding                      0x00000000   Number         0  stubs.o ABSOLUTE
    _printf_return_value                     0x00000000   Number         0  stubs.o ABSOLUTE
    _printf_s                                0x00000000   Number         0  stubs.o ABSOLUTE
    _printf_sizespec                         0x00000000   Number         0  stubs.o ABSOLUTE
    _printf_str                              0x00000000   Number         0  stubs.o ABSOLUTE
    _printf_truncate_signed                  0x00000000   Number         0  stubs.o ABSOLUTE
    _printf_truncate_unsigned                0x00000000   Number         0  stubs.o ABSOLUTE
    _printf_u                                0x00000000   Number         0  stubs.o ABSOLUTE
    _printf_wc                               0x00000000   Number         0  stubs.o ABSOLUTE
    _printf_wctomb                           0x00000000   Number         0  stubs.o ABSOLUTE
    _printf_widthprec                        0x00000000   Number         0  stubs.o ABSOLUTE
    _printf_x                                0x00000000   Number         0  stubs.o ABSOLUTE
    __cpp_initialize__aeabi_                  - Undefined Weak Reference
    __cxa_finalize                            - Undefined Weak Reference
    __decompress                              - Undefined Weak Reference
    _clock_init                               - Undefined Weak Reference
    _microlib_exit                            - Undefined Weak Reference
    __main                                   0x000000e5   Thumb Code     0  entry.o(.ARM.Collect$$$$00000000)
    _main_stk                                0x000000e5   Thumb Code     0  entry2.o(.ARM.Collect$$$$00000001)
    _main_scatterload                        0x000000e9   Thumb Code     0  entry5.o(.ARM.Collect$$$$00000004)
    __main_after_scatterload                 0x000000ed   Thumb Code     0  entry5.o(.ARM.Collect$$$$00000004)
    _main_clock                              0x000000ed   Thumb Code     0  entry7b.o(.ARM.Collect$$$$00000008)
    _main_cpp_init                           0x000000ed   Thumb Code     0  entry8b.o(.ARM.Collect$$$$0000000A)
    _main_init                               0x000000ed   Thumb Code     0  entry9a.o(.ARM.Collect$$$$0000000B)
    __rt_final_cpp                           0x000000f5   Thumb Code     0  entry10a.o(.ARM.Collect$$$$0000000D)
    __rt_final_exit                          0x000000f5   Thumb Code     0  entry11a.o(.ARM.Collect$$$$0000000F)
    GetASCIICode                             0x000000f9   Thumb Code    26  asciilib.o(.text)
    GetASCIICode_12                          0x00000113   Thumb Code    28  asciilib.o(.text)
    InitGlobalValue                          0x00000139   Thumb Code    56  globalvalue.o(.text)
    RTC_IRQHandler                           0x00000179   Thumb Code    36  rtc.o(.text)
    RTC_INT                                  0x0000019d   Thumb Code    54  rtc.o(.text)
    Reset_Handler                            0x000001e1   Thumb Code     8  startup_lpc177x_8x.o(.text)
    NMI_Handler                              0x000001e9   Thumb Code     2  startup_lpc177x_8x.o(.text)
    HardFault_Handler                        0x000001eb   Thumb Code     2  startup_lpc177x_8x.o(.text)
    MemManage_Handler                        0x000001ed   Thumb Code     2  startup_lpc177x_8x.o(.text)
    BusFault_Handler                         0x000001ef   Thumb Code     2  startup_lpc177x_8x.o(.text)
    UsageFault_Handler                       0x000001f1   Thumb Code     2  startup_lpc177x_8x.o(.text)
    SVC_Handler                              0x000001f3   Thumb Code     2  startup_lpc177x_8x.o(.text)
    DebugMon_Handler                         0x000001f5   Thumb Code     2  startup_lpc177x_8x.o(.text)
    PendSV_Handler                           0x000001f7   Thumb Code     2  startup_lpc177x_8x.o(.text)
    ADC_IRQHandler                           0x000001fb   Thumb Code     0  startup_lpc177x_8x.o(.text)
    BOD_IRQHandler                           0x000001fb   Thumb Code     0  startup_lpc177x_8x.o(.text)
    CANActivity_IRQHandler                   0x000001fb   Thumb Code     0  startup_lpc177x_8x.o(.text)
    CAN_IRQHandler                           0x000001fb   Thumb Code     0  startup_lpc177x_8x.o(.text)
    DMA_IRQHandler                           0x000001fb   Thumb Code     0  startup_lpc177x_8x.o(.text)
    EEPROM_IRQHandler                        0x000001fb   Thumb Code     0  startup_lpc177x_8x.o(.text)
    EINT0_IRQHandler                         0x000001fb   Thumb Code     0  startup_lpc177x_8x.o(.text)
    EINT1_IRQHandler                         0x000001fb   Thumb Code     0  startup_lpc177x_8x.o(.text)
    EINT2_IRQHandler                         0x000001fb   Thumb Code     0  startup_lpc177x_8x.o(.text)
    EINT3_IRQHandler                         0x000001fb   Thumb Code     0  startup_lpc177x_8x.o(.text)
    ENET_IRQHandler                          0x000001fb   Thumb Code     0  startup_lpc177x_8x.o(.text)
    I2C0_IRQHandler                          0x000001fb   Thumb Code     0  startup_lpc177x_8x.o(.text)
    I2C1_IRQHandler                          0x000001fb   Thumb Code     0  startup_lpc177x_8x.o(.text)
    I2C2_IRQHandler                          0x000001fb   Thumb Code     0  startup_lpc177x_8x.o(.text)
    I2S_IRQHandler                           0x000001fb   Thumb Code     0  startup_lpc177x_8x.o(.text)
    LCD_IRQHandler                           0x000001fb   Thumb Code     0  startup_lpc177x_8x.o(.text)
    MCI_IRQHandler                           0x000001fb   Thumb Code     0  startup_lpc177x_8x.o(.text)
    MCPWM_IRQHandler                         0x000001fb   Thumb Code     0  startup_lpc177x_8x.o(.text)
    PLL0_IRQHandler                          0x000001fb   Thumb Code     0  startup_lpc177x_8x.o(.text)
    PLL1_IRQHandler                          0x000001fb   Thumb Code     0  startup_lpc177x_8x.o(.text)
    PWM0_IRQHandler                          0x000001fb   Thumb Code     0  startup_lpc177x_8x.o(.text)
    PWM1_IRQHandler                          0x000001fb   Thumb Code     0  startup_lpc177x_8x.o(.text)
    QEI_IRQHandler                           0x000001fb   Thumb Code     0  startup_lpc177x_8x.o(.text)
    SPIFI_IRQHandler                         0x000001fb   Thumb Code     0  startup_lpc177x_8x.o(.text)
    SSP0_IRQHandler                          0x000001fb   Thumb Code     0  startup_lpc177x_8x.o(.text)
    SSP1_IRQHandler                          0x000001fb   Thumb Code     0  startup_lpc177x_8x.o(.text)
    SSP2_IRQHandler                          0x000001fb   Thumb Code     0  startup_lpc177x_8x.o(.text)
    UART1_IRQHandler                         0x000001fb   Thumb Code     0  startup_lpc177x_8x.o(.text)
    UART2_IRQHandler                         0x000001fb   Thumb Code     0  startup_lpc177x_8x.o(.text)
    UART4_IRQHandler                         0x000001fb   Thumb Code     0  startup_lpc177x_8x.o(.text)
    USBActivity_IRQHandler                   0x000001fb   Thumb Code     0  startup_lpc177x_8x.o(.text)
    WDT_IRQHandler                           0x000001fb   Thumb Code     0  startup_lpc177x_8x.o(.text)
    __aeabi_uldivmod                         0x00000205   Thumb Code    98  uldiv.o(.text)
    __aeabi_memcpy                           0x00000267   Thumb Code    36  memcpya.o(.text)
    __aeabi_memcpy4                          0x00000267   Thumb Code     0  memcpya.o(.text)
    __aeabi_memcpy8                          0x00000267   Thumb Code     0  memcpya.o(.text)
    __aeabi_memset                           0x0000028b   Thumb Code    14  memseta.o(.text)
    __aeabi_memset4                          0x0000028b   Thumb Code     0  memseta.o(.text)
    __aeabi_memset8                          0x0000028b   Thumb Code     0  memseta.o(.text)
    __aeabi_memclr                           0x00000299   Thumb Code     4  memseta.o(.text)
    __aeabi_memclr4                          0x00000299   Thumb Code     0  memseta.o(.text)
    __aeabi_memclr8                          0x00000299   Thumb Code     0  memseta.o(.text)
    _memset$wrapper                          0x0000029d   Thumb Code    18  memseta.o(.text)
    strcmp                                   0x000002af   Thumb Code    28  strcmp.o(.text)
    __aeabi_ui2f                             0x000002cb   Thumb Code    10  ffltui.o(.text)
    __aeabi_i2d                              0x000002d5   Thumb Code    34  dflti.o(.text)
    __I$use$fp                               0x000002f7   Thumb Code     0  iusefp.o(.text)
    __mathlib_dbl_infnan2                    0x000002f7   Thumb Code     4  dunder.o(i.__mathlib_dbl_infnan2)
    __scatterload_null                       0x000002fb   Thumb Code     2  handlers.o(i.__scatterload_null)
    EMC_GPIO_Init                            0x00000301   Thumb Code   286  ex_sdram.o(.text)
    SDRAM_Init                               0x0000041f   Thumb Code   326  ex_sdram.o(.text)
    GPIO_IRQHandler                          0x000005a9   Thumb Code    92  main.o(.text)
    main                                     0x00000605   Thumb Code   476  main.o(.text)
    SysTick_Handler                          0x000007e1   Thumb Code    12  main.o(.text)
    Delay                                    0x000007ed   Thumb Code    18  main.o(.text)
    delayMs                                  0x00000839   Thumb Code   252  timer.o(.text)
    TIMER0_IRQHandler                        0x00000935   Thumb Code    20  timer.o(.text)
    TIMER1_IRQHandler                        0x00000949   Thumb Code    18  timer.o(.text)
    TIMER2_IRQHandler                        0x0000095b   Thumb Code    18  timer.o(.text)
    TIMER3_IRQHandler                        0x0000096d   Thumb Code    18  timer.o(.text)
    enable_timer                             0x0000097f   Thumb Code    48  timer.o(.text)
    disable_timer                            0x000009af   Thumb Code    48  timer.o(.text)
    reset_timer                              0x000009df   Thumb Code    66  timer.o(.text)
    init_timer                               0x00000a21   Thumb Code   210  timer.o(.text)
    GLCD_Ctrl                                0x00000b2d   Thumb Code    96  lpc177x_8x_lcd.o(.text)
    GLCD_SetPallet                           0x00000b8d   Thumb Code    18  lpc177x_8x_lcd.o(.text)
    GLCD_Init                                0x00000b9f   Thumb Code   522  lpc177x_8x_lcd.o(.text)
    lcd_Clear                                0x00000da9   Thumb Code    18  lpc177x_8x_lcd.o(.text)
    LCD_DrawRect                             0x00000dbb   Thumb Code    78  lpc177x_8x_lcd.o(.text)
    LCD_SetPoint                             0x00000e09   Thumb Code    48  lpc177x_8x_lcd.o(.text)
    LCD_DrawLine                             0x00000e39   Thumb Code   302  lpc177x_8x_lcd.o(.text)
    PutChar                                  0x00000f67   Thumb Code    96  lpc177x_8x_lcd.o(.text)
    PutChar_12                               0x00000fc7   Thumb Code    96  lpc177x_8x_lcd.o(.text)
    GUI_Text                                 0x00001027   Thumb Code    80  lpc177x_8x_lcd.o(.text)
    lcd_display_coord                        0x00001077   Thumb Code   294  lpc177x_8x_lcd.o(.text)
    findHzIndex                              0x0000119d   Thumb Code    54  lpc177x_8x_lcd.o(.text)
    findHzIndex_16                           0x000011d3   Thumb Code    58  lpc177x_8x_lcd.o(.text)
    LCD_ShowFontCN_40_55                     0x0000120d   Thumb Code   134  lpc177x_8x_lcd.o(.text)
    LCD_ShowFontCN_16                        0x00001293   Thumb Code   228  lpc177x_8x_lcd.o(.text)
    LCD_ShowFontCN                           0x00001377   Thumb Code   224  lpc177x_8x_lcd.o(.text)
    WriteOneHzChar                           0x00001457   Thumb Code    26  lpc177x_8x_lcd.o(.text)
    WriteOneHzChar_16                        0x00001471   Thumb Code    26  lpc177x_8x_lcd.o(.text)
    WriteString                              0x0000148b   Thumb Code   194  lpc177x_8x_lcd.o(.text)
    WriteString_Big                          0x0000154d   Thumb Code   132  lpc177x_8x_lcd.o(.text)
    WriteString_16                           0x000015d1   Thumb Code   198  lpc177x_8x_lcd.o(.text)
    WriteString_12                           0x00001697   Thumb Code   198  lpc177x_8x_lcd.o(.text)
    Hex_Format                               0x0000175d   Thumb Code   198  lpc177x_8x_lcd.o(.text)
    Disp_Fastbutton                          0x00001831   Thumb Code   246  use_disp.o(.text)
    Disp_button_Num_time                     0x00001927   Thumb Code    44  use_disp.o(.text)
    Disp_button_Num_Input                    0x00001953   Thumb Code   232  use_disp.o(.text)
    Disp_button_Num_Freq                     0x00001a3b   Thumb Code    44  use_disp.o(.text)
    Disp_button_Num_Avg                      0x00001a67   Thumb Code    32  use_disp.o(.text)
    Disp_Button_Test                         0x00001a87   Thumb Code   112  use_disp.o(.text)
    Disp_Button_value1                       0x00001af7   Thumb Code   528  use_disp.o(.text)
    Disp_Button_ItemScan_no                  0x00001d07   Thumb Code   164  use_disp.o(.text)
    Disp_Button_ItemScanSet                  0x00001dab   Thumb Code   388  use_disp.o(.text)
    Disp_Button_TestSet                      0x00001f2f   Thumb Code   844  use_disp.o(.text)
    Disp_Button_SysSet                       0x0000227b   Thumb Code    62  use_disp.o(.text)
    Disp_Button_Correction                   0x000022b9   Thumb Code   140  use_disp.o(.text)
    Disp_TopBar_Color                        0x00002345   Thumb Code    20  use_disp.o(.text)
    Disp_MidRect                             0x00002359   Thumb Code    22  use_disp.o(.text)
    Disp_TestScreen                          0x0000236f   Thumb Code    28  use_disp.o(.text)
    Disp_Test_Item                           0x0000238b   Thumb Code   384  use_disp.o(.text)
    Disp_Range_MidRect                       0x0000250b   Thumb Code    22  use_disp.o(.text)
    Disp_RangeScreen                         0x00002521   Thumb Code    28  use_disp.o(.text)
    Disp_RangeDispvalue                      0x0000253d   Thumb Code   102  use_disp.o(.text)
    Disp_Range_Item                          0x000025a3   Thumb Code   456  use_disp.o(.text)
    Disp_Rang_Count_MidRect                  0x0000276b   Thumb Code    40  use_disp.o(.text)
    Disp_Range_CountScreen                   0x00002793   Thumb Code    28  use_disp.o(.text)
    Disp_Set_Unit_16                         0x000027af   Thumb Code    36  use_disp.o(.text)
    Disp_Range_Count_Item                    0x000027d3   Thumb Code  1098  use_disp.o(.text)
    Disp_List_Count_MidRect                  0x00002c1d   Thumb Code    22  use_disp.o(.text)
    Disp_List_CountScreen                    0x00002c33   Thumb Code    16  use_disp.o(.text)
    Disp_List_Count_Item                     0x00002c43   Thumb Code   184  use_disp.o(.text)
    Disp_TestSet_MidRect                     0x00002cfb   Thumb Code    22  use_disp.o(.text)
    Disp_TestSetScreen                       0x00002d11   Thumb Code    28  use_disp.o(.text)
    Disp_Test_Set_Item                       0x00002dad   Thumb Code   492  use_disp.o(.text)
    Disp_RangeDispValue                      0x00002f99   Thumb Code   348  use_disp.o(.text)
    Disp_Range_ComDispValue                  0x000030f5   Thumb Code   208  use_disp.o(.text)
    Disp_Scan_Compvalue                      0x000031c5   Thumb Code   740  use_disp.o(.text)
    Disp_Scan_SetCompvalue                   0x000034a9   Thumb Code  1094  use_disp.o(.text)
    Disp_LIMIT_ComDispValue                  0x000038ef   Thumb Code   278  use_disp.o(.text)
    Disp_Test_value                          0x00003a05   Thumb Code  1436  use_disp.o(.text)
    DispSet_value                            0x00003fa1   Thumb Code  1914  use_disp.o(.text)
    Disp_Set_Unit_12                         0x0000471b   Thumb Code    32  use_disp.o(.text)
    Disp_LimitSEt_value                      0x0000473b   Thumb Code  1446  use_disp.o(.text)
    Disp_Debug_value                         0x00004ce1   Thumb Code  1518  use_disp.o(.text)
    Disp_Sys_value                           0x000052cf   Thumb Code  2660  use_disp.o(.text)
    Disp_Usercheck_Screen                    0x00005d33   Thumb Code    24  use_disp.o(.text)
    Disp_FacrCheck_Item                      0x00005d4b   Thumb Code    64  use_disp.o(.text)
    Disp_Fac_Debug_R                         0x00005d8b   Thumb Code   476  use_disp.o(.text)
    Disp_Fac_Debug_C                         0x00005f67   Thumb Code   620  use_disp.o(.text)
    Disp_UserCheck_Item                      0x000061d3   Thumb Code   166  use_disp.o(.text)
    Disp_LimitList_MidRect                   0x00006279   Thumb Code    22  use_disp.o(.text)
    Disp_LimitList_Screen                    0x0000628f   Thumb Code    12  use_disp.o(.text)
    Disp_LimitList_Item                      0x0000629b   Thumb Code   382  use_disp.o(.text)
    Disp_ListScan_MidRect                    0x00006419   Thumb Code    22  use_disp.o(.text)
    Disp_ListScan_Screen                     0x0000642f   Thumb Code    12  use_disp.o(.text)
    Disp_ListScan_Item                       0x0000643b   Thumb Code   204  use_disp.o(.text)
    Disp_SysLine                             0x00006507   Thumb Code   284  use_disp.o(.text)
    Disp_Sys_Screen                          0x00006623   Thumb Code    24  use_disp.o(.text)
    Disp_Sys_Item                            0x0000670d   Thumb Code   262  use_disp.o(.text)
    Disp_serve_Screen                        0x00006813   Thumb Code    24  use_disp.o(.text)
    Disp_Serve_correction                    0x0000682b   Thumb Code   162  use_disp.o(.text)
    Disp_Start_Corr                          0x000068cd   Thumb Code   106  use_disp.o(.text)
    Disp_Serve_correctionR                   0x00006937   Thumb Code   130  use_disp.o(.text)
    Disp_Correction_Set                      0x000069b9   Thumb Code   624  use_disp.o(.text)
    Disp_Correction_SetR                     0x00006c29   Thumb Code   350  use_disp.o(.text)
    Time_Set_Cov                             0x00006d87   Thumb Code   636  use_disp.o(.text)
    Freq_Set_Cov                             0x00007003   Thumb Code   260  use_disp.o(.text)
    Input_Set_Cov                            0x00007107   Thumb Code   110  use_disp.o(.text)
    Input_Set_CovPre                         0x00007175   Thumb Code    76  use_disp.o(.text)
    Disp_Cp_D                                0x000071c1   Thumb Code   100  use_disp.o(.text)
    Disp_Cp_Q                                0x00007225   Thumb Code   100  use_disp.o(.text)
    Disp_Cp_G                                0x00007289   Thumb Code   100  use_disp.o(.text)
    Disp_Cp_Rp                               0x000072ed   Thumb Code   100  use_disp.o(.text)
    Disp_Cs_Rs                               0x00007351   Thumb Code   100  use_disp.o(.text)
    Disp_Cs_D                                0x000073b5   Thumb Code   152  use_disp.o(.text)
    Disp_Cs_Q                                0x0000744d   Thumb Code   100  use_disp.o(.text)
    Disp_Lp_Q                                0x000074b1   Thumb Code   100  use_disp.o(.text)
    Disp_Lp_Rp                               0x00007515   Thumb Code   100  use_disp.o(.text)
    Disp_Lp_Rd                               0x00007579   Thumb Code   100  use_disp.o(.text)
    Disp_Lp_D                                0x000075dd   Thumb Code   100  use_disp.o(.text)
    Disp_Lp_G                                0x00007641   Thumb Code   100  use_disp.o(.text)
    Disp_Ls_D                                0x000076a5   Thumb Code   100  use_disp.o(.text)
    Disp_Ls_Q                                0x00007709   Thumb Code   100  use_disp.o(.text)
    Disp_Ls_Rs                               0x0000776d   Thumb Code   100  use_disp.o(.text)
    Disp_Ls_Rd                               0x000077d1   Thumb Code   144  use_disp.o(.text)
    Disp_Z_d                                 0x00007861   Thumb Code   100  use_disp.o(.text)
    Disp_Z_r                                 0x000078c5   Thumb Code   100  use_disp.o(.text)
    Disp_Y_d                                 0x00007929   Thumb Code   100  use_disp.o(.text)
    Disp_Y_r                                 0x0000798d   Thumb Code   100  use_disp.o(.text)
    Disp_R_X                                 0x000079f1   Thumb Code   100  use_disp.o(.text)
    Disp_Rs_Q                                0x00007a55   Thumb Code   100  use_disp.o(.text)
    Disp_Rp_Q                                0x00007ab9   Thumb Code   100  use_disp.o(.text)
    Disp_G_B                                 0x00007b1d   Thumb Code   100  use_disp.o(.text)
    Disp_Button_Fun_Set                      0x00007b81   Thumb Code  1134  use_disp.o(.text)
    Disp_Test_Unit_mA                        0x00007fef   Thumb Code    20  use_disp.o(.text)
    Disp_Test_Unit_v                         0x00008003   Thumb Code    20  use_disp.o(.text)
    Disp_Testvalue                           0x00008017   Thumb Code   156  use_disp.o(.text)
    Disp_Big_MainUnit                        0x000080b3   Thumb Code    88  use_disp.o(.text)
    Disp_Big_SecondUnit                      0x0000810b   Thumb Code    88  use_disp.o(.text)
    Start_Correction                         0x00008163   Thumb Code    60  use_disp.o(.text)
    Init_C                                   0x0000819f   Thumb Code    54  use_disp.o(.text)
    Correction_C                             0x000081d5   Thumb Code    78  use_disp.o(.text)
    Save_C                                   0x00008223   Thumb Code    52  use_disp.o(.text)
    Init_R                                   0x00008257   Thumb Code    54  use_disp.o(.text)
    Correction_R                             0x0000828d   Thumb Code   200  use_disp.o(.text)
    Save_R                                   0x00008355   Thumb Code    52  use_disp.o(.text)
    Exit_correction                          0x00008389   Thumb Code    62  use_disp.o(.text)
    Clear_Instr                              0x000083c7   Thumb Code    22  use_disp.o(.text)
    Close_Clear                              0x000083dd   Thumb Code    20  use_disp.o(.text)
    Open_Clear                               0x000083f1   Thumb Code    20  use_disp.o(.text)
    Short_Clear                              0x00008405   Thumb Code    20  use_disp.o(.text)
    Send_Freq                                0x00008419   Thumb Code    52  use_disp.o(.text)
    Send_UartStart                           0x0000844d   Thumb Code   198  use_disp.o(.text)
    Send_Request                             0x00008513   Thumb Code    22  use_disp.o(.text)
    Send_Main_Ord                            0x00008529   Thumb Code   140  use_disp.o(.text)
    Disp_Range_DispMainUnit                  0x000085b5   Thumb Code    56  use_disp.o(.text)
    Disp_Range_DispSecondUnit                0x000085ed   Thumb Code    60  use_disp.o(.text)
    Disp_RangeTestvalue                      0x00008629   Thumb Code   108  use_disp.o(.text)
    Disp_Range_Num                           0x00008695   Thumb Code    24  use_disp.o(.text)
    Disp_RangeCount                          0x000086ad   Thumb Code    80  use_disp.o(.text)
    Savetoeeprom                             0x000086fd   Thumb Code   310  use_disp.o(.text)
    ReadSavedata                             0x00008833   Thumb Code   556  use_disp.o(.text)
    lcd_image                                0x00008a5f   Thumb Code    42  use_disp.o(.text)
    Send_Uart3                               0x00008a89   Thumb Code    14  use_disp.o(.text)
    Disp_Usbflag                             0x00008a97   Thumb Code    60  use_disp.o(.text)
    input_password                           0x00008af9   Thumb Code   860  test.o(.text)
    Inttofloat                               0x00008e55   Thumb Code   126  test.o(.text)
    Set_Compbcd_float                        0x00008ed3   Thumb Code   378  test.o(.text)
    Power_Process                            0x0000904d   Thumb Code   190  test.o(.text)
    Send_T0_USB                              0x0000910b   Thumb Code   412  test.o(.text)
    Disp_NumKeyboard_Set                     0x000092a7   Thumb Code  1026  test.o(.text)
    Freq_Set_Num                             0x000096a9   Thumb Code   110  test.o(.text)
    Write_Usbdata                            0x00009717   Thumb Code    58  test.o(.text)
    PackStandFrame                           0x00009751   Thumb Code    38  test.o(.text)
    Uart3_Process                            0x00009777   Thumb Code   450  test.o(.text)
    Test_Comp_Fmq                            0x00009939   Thumb Code    82  test.o(.text)
    Test_Comp                                0x0000998b   Thumb Code   358  test.o(.text)
    Set_daot                                 0x00009af1   Thumb Code    78  test.o(.text)
    Uart_Process                             0x00009b3f   Thumb Code   590  test.o(.text)
    Test_Process                             0x00009d8d   Thumb Code  2500  test.o(.text)
    File_Process                             0x0000a751   Thumb Code   140  test.o(.text)
    Setup_Process                            0x0000a7dd   Thumb Code  1952  test.o(.text)
    Data_StoreProcess                        0x0000af7d   Thumb Code   140  test.o(.text)
    Range_Process                            0x0000b009   Thumb Code   464  test.o(.text)
    Range_CountProcess                       0x0000b1d9   Thumb Code   440  test.o(.text)
    ItemProcess                              0x0000b391   Thumb Code   472  test.o(.text)
    Disp_Set_Num                             0x0000b569   Thumb Code   104  test.o(.text)
    Use_ITEMSetProcess                       0x0000b5d1   Thumb Code   684  test.o(.text)
    Input_compvalue                          0x0000b87d   Thumb Code  1560  test.o(.text)
    Disp_Set_InputpreNum                     0x0000be95   Thumb Code   104  test.o(.text)
    Disp_Set_InputNum                        0x0000befd   Thumb Code    76  test.o(.text)
    Use_LimitSetProcess                      0x0000bf49   Thumb Code  1142  test.o(.text)
    Use_SysSetProcess                        0x0000c3bf   Thumb Code  2880  test.o(.text)
    Use_DebugProcess                         0x0000ceff   Thumb Code   460  test.o(.text)
    input_num                                0x0000d0cb   Thumb Code   728  test.o(.text)
    Fac_DebugProcess                         0x0000d3a3   Thumb Code   782  test.o(.text)
    Avg_Test                                 0x0000d6b1   Thumb Code    94  test.o(.text)
    Disp_Set_CompNum                         0x0000d70f   Thumb Code   138  test.o(.text)
    Avg_Set_Num                              0x0000d799   Thumb Code   190  test.o(.text)
    Soft_Turnon                              0x0000d857   Thumb Code    92  test.o(.text)
    RTC_Init                                 0x0000d8d1   Thumb Code    30  lpc177x_8x_rtc.o(.text)
    RTC_DeInit                               0x0000d8ef   Thumb Code    20  lpc177x_8x_rtc.o(.text)
    RTC_ResetClockTickCounter                0x0000d903   Thumb Code    18  lpc177x_8x_rtc.o(.text)
    RTC_Cmd                                  0x0000d915   Thumb Code    24  lpc177x_8x_rtc.o(.text)
    RTC_CntIncrIntConfig                     0x0000d92d   Thumb Code   202  lpc177x_8x_rtc.o(.text)
    RTC_AlarmIntConfig                       0x0000d9f7   Thumb Code   202  lpc177x_8x_rtc.o(.text)
    RTC_SetTime                              0x0000dac1   Thumb Code   204  lpc177x_8x_rtc.o(.text)
    RTC_GetTime                              0x0000db8d   Thumb Code    98  lpc177x_8x_rtc.o(.text)
    RTC_SetFullTime                          0x0000dbef   Thumb Code    70  lpc177x_8x_rtc.o(.text)
    RTC_GetFullTime                          0x0000dc35   Thumb Code    70  lpc177x_8x_rtc.o(.text)
    RTC_SetAlarmTime                         0x0000dc7b   Thumb Code   228  lpc177x_8x_rtc.o(.text)
    RTC_GetAlarmTime                         0x0000dd5f   Thumb Code   102  lpc177x_8x_rtc.o(.text)
    RTC_SetFullAlarmTime                     0x0000ddc5   Thumb Code    70  lpc177x_8x_rtc.o(.text)
    RTC_GetFullAlarmTime                     0x0000de0b   Thumb Code    70  lpc177x_8x_rtc.o(.text)
    RTC_GetIntPending                        0x0000de51   Thumb Code    16  lpc177x_8x_rtc.o(.text)
    RTC_ClearIntPending                      0x0000de61   Thumb Code     8  lpc177x_8x_rtc.o(.text)
    RTC_CalibCounterCmd                      0x0000de69   Thumb Code    24  lpc177x_8x_rtc.o(.text)
    RTC_CalibConfig                          0x0000de81   Thumb Code    24  lpc177x_8x_rtc.o(.text)
    RTC_WriteGPREG                           0x0000de99   Thumb Code    14  lpc177x_8x_rtc.o(.text)
    RTC_ReadGPREG                            0x0000dea7   Thumb Code    16  lpc177x_8x_rtc.o(.text)
    Start_Debugled                           0x0000deb9   Thumb Code    42  key.o(.text)
    Beep_on                                  0x0000dee3   Thumb Code    14  key.o(.text)
    Beep_Off                                 0x0000def1   Thumb Code    14  key.o(.text)
    Bais_LedOn                               0x0000deff   Thumb Code    14  key.o(.text)
    Bais_LedOff                              0x0000df0d   Thumb Code    14  key.o(.text)
    Lock_LedOn                               0x0000df1b   Thumb Code    12  key.o(.text)
    Lock_LedOff                              0x0000df27   Thumb Code    12  key.o(.text)
    Lock_Control_On                          0x0000df33   Thumb Code    14  key.o(.text)
    Lock_Control_Off                         0x0000df41   Thumb Code    14  key.o(.text)
    Plc_pass                                 0x0000df4f   Thumb Code    24  key.o(.text)
    Pass_Led                                 0x0000df67   Thumb Code    24  key.o(.text)
    All_LedOff1                              0x0000df7f   Thumb Code    20  key.o(.text)
    Turnoff_backlight                        0x0000df93   Thumb Code    12  key.o(.text)
    All_LedOff                               0x0000df9f   Thumb Code    34  key.o(.text)
    Plc_Fail                                 0x0000dfc1   Thumb Code    24  key.o(.text)
    Fail_led                                 0x0000dfd9   Thumb Code    24  key.o(.text)
    Power_Relay                              0x0000dff1   Thumb Code    36  key.o(.text)
    Power_On_led                             0x0000e015   Thumb Code    30  key.o(.text)
    Power_Off_led                            0x0000e033   Thumb Code    30  key.o(.text)
    Turnon_backlight                         0x0000e051   Thumb Code    12  key.o(.text)
    GPIO_Led_Configuration                   0x0000e05d   Thumb Code    84  key.o(.text)
    GPIO_Plc_Configuration                   0x0000e0b1   Thumb Code    56  key.o(.text)
    GPIO_Key_Configuration                   0x0000e0e9   Thumb Code   116  key.o(.text)
    _164Delaay                               0x0000e15d   Thumb Code    14  key.o(.text)
    HW_Sendvalueto164                        0x0000e16b   Thumb Code    78  key.o(.text)
    HW_keyInt                                0x0000e1b9   Thumb Code    14  key.o(.text)
    HW_KeyScsn1                              0x0000e1c7   Thumb Code   254  key.o(.text)
    HW_KeyScsn                               0x0000e2c5   Thumb Code    58  key.o(.text)
    Delay_Key                                0x0000e2ff   Thumb Code    14  key.o(.text)
    Key_Beep                                 0x0000e30d   Thumb Code    26  key.o(.text)
    SystemCoreClockUpdate                    0x0000e339   Thumb Code   672  system_lpc177x_8x.o(.text)
    SystemInit                               0x0000e5d9   Thumb Code   190  system_lpc177x_8x.o(.text)
    GPIO_SetDir                              0x0000e765   Thumb Code    40  lpc177x_8x_gpio.o(.text)
    GPIO_SetValue                            0x0000e78d   Thumb Code    20  lpc177x_8x_gpio.o(.text)
    GPIO_ClearValue                          0x0000e7a1   Thumb Code    20  lpc177x_8x_gpio.o(.text)
    GPIO_OutputValue                         0x0000e7b5   Thumb Code    30  lpc177x_8x_gpio.o(.text)
    GPIO_ReadValue                           0x0000e7d3   Thumb Code    22  lpc177x_8x_gpio.o(.text)
    GPIO_IntCmd                              0x0000e7e9   Thumb Code    60  lpc177x_8x_gpio.o(.text)
    GPIO_GetIntStatus                        0x0000e825   Thumb Code    86  lpc177x_8x_gpio.o(.text)
    GPIO_ClearInt                            0x0000e87b   Thumb Code    28  lpc177x_8x_gpio.o(.text)
    FIO_SetDir                               0x0000e897   Thumb Code    20  lpc177x_8x_gpio.o(.text)
    FIO_SetValue                             0x0000e8ab   Thumb Code    16  lpc177x_8x_gpio.o(.text)
    FIO_ClearValue                           0x0000e8bb   Thumb Code    16  lpc177x_8x_gpio.o(.text)
    FIO_ReadValue                            0x0000e8cb   Thumb Code    12  lpc177x_8x_gpio.o(.text)
    FIO_IntCmd                               0x0000e8d7   Thumb Code    20  lpc177x_8x_gpio.o(.text)
    FIO_GetIntStatus                         0x0000e8eb   Thumb Code    20  lpc177x_8x_gpio.o(.text)
    FIO_ClearInt                             0x0000e8ff   Thumb Code    16  lpc177x_8x_gpio.o(.text)
    FIO_SetMask                              0x0000e90f   Thumb Code    40  lpc177x_8x_gpio.o(.text)
    FIO_HalfWordSetDir                       0x0000e937   Thumb Code    62  lpc177x_8x_gpio.o(.text)
    FIO_HalfWordSetMask                      0x0000e975   Thumb Code    62  lpc177x_8x_gpio.o(.text)
    FIO_HalfWordSetValue                     0x0000e9b3   Thumb Code    32  lpc177x_8x_gpio.o(.text)
    FIO_HalfWordClearValue                   0x0000e9d3   Thumb Code    32  lpc177x_8x_gpio.o(.text)
    FIO_HalfWordReadValue                    0x0000e9f3   Thumb Code    30  lpc177x_8x_gpio.o(.text)
    FIO_ByteSetDir                           0x0000ea11   Thumb Code    58  lpc177x_8x_gpio.o(.text)
    FIO_ByteSetMask                          0x0000ea4b   Thumb Code    74  lpc177x_8x_gpio.o(.text)
    FIO_ByteSetValue                         0x0000ea95   Thumb Code    48  lpc177x_8x_gpio.o(.text)
    FIO_ByteClearValue                       0x0000eac5   Thumb Code    38  lpc177x_8x_gpio.o(.text)
    FIO_ByteReadValue                        0x0000eaeb   Thumb Code    36  lpc177x_8x_gpio.o(.text)
    CLKPWR_SetCLKDiv                         0x0000eb11   Thumb Code    94  lpc177x_8x_clkpwr.o(.text)
    CLKPWR_GetCLK                            0x0000eb6f   Thumb Code    46  lpc177x_8x_clkpwr.o(.text)
    CLKPWR_ConfigPPWR                        0x0000eb9d   Thumb Code    38  lpc177x_8x_clkpwr.o(.text)
    CLKPWR_Sleep                             0x0000ebc3   Thumb Code    12  lpc177x_8x_clkpwr.o(.text)
    CLKPWR_DeepSleep                         0x0000ebcf   Thumb Code    18  lpc177x_8x_clkpwr.o(.text)
    CLKPWR_PowerDown                         0x0000ebe1   Thumb Code    18  lpc177x_8x_clkpwr.o(.text)
    CLKPWR_DeepPowerDown                     0x0000ebf3   Thumb Code    18  lpc177x_8x_clkpwr.o(.text)
    UART_Init                                0x0000edb1   Thumb Code   312  lpc177x_8x_uart.o(.text)
    UART_TxCmd                               0x0000eee9   Thumb Code    68  lpc177x_8x_uart.o(.text)
    UART_DeInit                              0x0000ef2d   Thumb Code    74  lpc177x_8x_uart.o(.text)
    UART_ConfigStructInit                    0x0000ef77   Thumb Code    18  lpc177x_8x_uart.o(.text)
    UART_SendByte                            0x0000ef89   Thumb Code    14  lpc177x_8x_uart.o(.text)
    UART_ReceiveByte                         0x0000ef97   Thumb Code    16  lpc177x_8x_uart.o(.text)
    UART_Send                                0x0000efa7   Thumb Code   152  lpc177x_8x_uart.o(.text)
    UART_Receive                             0x0000f03f   Thumb Code   114  lpc177x_8x_uart.o(.text)
    UART_ForceBreak                          0x0000f0b1   Thumb Code    26  lpc177x_8x_uart.o(.text)
    UART_IntConfig                           0x0000f0cb   Thumb Code   132  lpc177x_8x_uart.o(.text)
    UART_GetLineStatus                       0x0000f14f   Thumb Code    16  lpc177x_8x_uart.o(.text)
    UART_GetIntId                            0x0000f15f   Thumb Code    12  lpc177x_8x_uart.o(.text)
    UART_CheckBusy                           0x0000f16b   Thumb Code    18  lpc177x_8x_uart.o(.text)
    UART_FIFOConfig                          0x0000f17d   Thumb Code   104  lpc177x_8x_uart.o(.text)
    UART_FIFOConfigStructInit                0x0000f1e5   Thumb Code    14  lpc177x_8x_uart.o(.text)
    UART_ABCmd                               0x0000f1f3   Thumb Code   126  lpc177x_8x_uart.o(.text)
    UART_ABClearIntPending                   0x0000f271   Thumb Code    22  lpc177x_8x_uart.o(.text)
    UART_IrDAInvtInputCmd                    0x0000f287   Thumb Code    34  lpc177x_8x_uart.o(.text)
    UART_IrDACmd                             0x0000f2a9   Thumb Code    32  lpc177x_8x_uart.o(.text)
    UART_IrDAPulseDivConfig                  0x0000f2c9   Thumb Code    30  lpc177x_8x_uart.o(.text)
    UART_FullModemForcePinState              0x0000f2e7   Thumb Code    48  lpc177x_8x_uart.o(.text)
    UART_FullModemConfigMode                 0x0000f317   Thumb Code    56  lpc177x_8x_uart.o(.text)
    UART_FullModemGetStatus                  0x0000f34f   Thumb Code     6  lpc177x_8x_uart.o(.text)
    UART_RS485Config                         0x0000f355   Thumb Code    96  lpc177x_8x_uart.o(.text)
    UART_RS485ReceiverCmd                    0x0000f3b5   Thumb Code    32  lpc177x_8x_uart.o(.text)
    UART_RS485Send                           0x0000f3d5   Thumb Code    88  lpc177x_8x_uart.o(.text)
    UART_RS485SendSlvAddr                    0x0000f42d   Thumb Code    18  lpc177x_8x_uart.o(.text)
    UART_RS485SendData                       0x0000f43f   Thumb Code    22  lpc177x_8x_uart.o(.text)
    UARTPutChar                              0x0000f459   Thumb Code    18  debug_frmwrk.o(.text)
    UARTGetChar                              0x0000f46b   Thumb Code    26  debug_frmwrk.o(.text)
    UARTPuts                                 0x0000f485   Thumb Code    36  debug_frmwrk.o(.text)
    UARTGetValue                             0x0000f4a9   Thumb Code   348  debug_frmwrk.o(.text)
    UARTPuts_                                0x0000f605   Thumb Code    24  debug_frmwrk.o(.text)
    UARTPutDec                               0x0000f61d   Thumb Code    96  debug_frmwrk.o(.text)
    UARTPutDec16                             0x0000f67d   Thumb Code   160  debug_frmwrk.o(.text)
    UARTPutDec32                             0x0000f71d   Thumb Code   280  debug_frmwrk.o(.text)
    UARTPutHex_                              0x0000f835   Thumb Code    58  debug_frmwrk.o(.text)
    UARTPutHex                               0x0000f86f   Thumb Code    66  debug_frmwrk.o(.text)
    UARTPutHex16_                            0x0000f8b1   Thumb Code    58  debug_frmwrk.o(.text)
    UARTPutHex16                             0x0000f8eb   Thumb Code    66  debug_frmwrk.o(.text)
    UARTPutHex32_                            0x0000f92d   Thumb Code   180  debug_frmwrk.o(.text)
    UARTPutHex32                             0x0000f9e1   Thumb Code    68  debug_frmwrk.o(.text)
    _printf                                  0x0000fa25   Thumb Code    38  debug_frmwrk.o(.text)
    debug_frmwrk_init                        0x0000fa4b   Thumb Code   180  debug_frmwrk.o(.text)
    Uart0RecTimeOut                          0x0000faff   Thumb Code    50  debug_frmwrk.o(.text)
    UART0_IRQHandler                         0x0000fb31   Thumb Code   166  debug_frmwrk.o(.text)
    debug_uart3_init                         0x0000fbd7   Thumb Code   124  debug_frmwrk.o(.text)
    UART3_IRQHandler                         0x0000fc53   Thumb Code   160  debug_frmwrk.o(.text)
    PINSEL_ConfigPin                         0x0000fd67   Thumb Code    40  lpc177x_8x_pinsel.o(.text)
    PINSEL_SetPinMode                        0x0000fd8f   Thumb Code    40  lpc177x_8x_pinsel.o(.text)
    PINSEL_SetHysMode                        0x0000fdb7   Thumb Code    46  lpc177x_8x_pinsel.o(.text)
    PINSEL_SetSlewMode                       0x0000fde5   Thumb Code    46  lpc177x_8x_pinsel.o(.text)
    PINSEL_SetInBufMode                      0x0000fe13   Thumb Code    46  lpc177x_8x_pinsel.o(.text)
    PINSEL_SetI2CMode                        0x0000fe41   Thumb Code    42  lpc177x_8x_pinsel.o(.text)
    PINSEL_SetOpenDrainMode                  0x0000fe6b   Thumb Code    46  lpc177x_8x_pinsel.o(.text)
    PINSEL_SetAnalogPinMode                  0x0000fe99   Thumb Code   126  lpc177x_8x_pinsel.o(.text)
    PINSEL_DacEnable                         0x0000ff17   Thumb Code    54  lpc177x_8x_pinsel.o(.text)
    PINSEL_SetFilter                         0x0000ff4d   Thumb Code    74  lpc177x_8x_pinsel.o(.text)
    EEPROM_Init                              0x0000ff9d   Thumb Code   110  lpc177x_8x_eeprom.o(.text)
    EEPROM_Write                             0x0001000b   Thumb Code   238  lpc177x_8x_eeprom.o(.text)
    EEPROM_Read                              0x000100f9   Thumb Code   224  lpc177x_8x_eeprom.o(.text)
    EEPROM_Erase                             0x000101d9   Thumb Code    88  lpc177x_8x_eeprom.o(.text)
    EEPROM_PowerDown                         0x00010231   Thumb Code    20  lpc177x_8x_eeprom.o(.text)
    FAT_GetFATType                           0x00010255   Thumb Code    48  usbhost_fat.o(.text)
    FAT_Init                                 0x00010285   Thumb Code   328  usbhost_fat.o(.text)
    FAT_PutSFN                               0x000103cd   Thumb Code   172  usbhost_fat.o(.text)
    FAT_ChkEntType                           0x00010479   Thumb Code    34  usbhost_fat.o(.text)
    FAT_GetFreeEntry                         0x0001049b   Thumb Code   106  usbhost_fat.o(.text)
    FAT_StrCaseCmp                           0x00010505   Thumb Code    72  usbhost_fat.o(.text)
    FAT_GetSfnExt                            0x0001054d   Thumb Code    52  usbhost_fat.o(.text)
    FAT_GetSfnName                           0x00010581   Thumb Code    40  usbhost_fat.o(.text)
    FAT_GetSFN                               0x000105a9   Thumb Code    64  usbhost_fat.o(.text)
    FAT_FindEntry                            0x000105e9   Thumb Code   160  usbhost_fat.o(.text)
    FAT_CreateEntry                          0x00010689   Thumb Code    48  usbhost_fat.o(.text)
    FILE_Open                                0x000106b9   Thumb Code   102  usbhost_fat.o(.text)
    FAT_ClusRead                             0x0001071f   Thumb Code   264  usbhost_fat.o(.text)
    FAT_GetNextClus                          0x00010827   Thumb Code    82  usbhost_fat.o(.text)
    FILE_Read                                0x00010879   Thumb Code   224  usbhost_fat.o(.text)
    FAT_UpdateFAT                            0x00010959   Thumb Code    78  usbhost_fat.o(.text)
    FAT_GetFreeClus                          0x000109a7   Thumb Code    90  usbhost_fat.o(.text)
    FAT_ClusWrite                            0x00010a01   Thumb Code   304  usbhost_fat.o(.text)
    FAT_GetEndClus                           0x00010b31   Thumb Code    28  usbhost_fat.o(.text)
    FILE_Write                               0x00010b4d   Thumb Code   252  usbhost_fat.o(.text)
    FAT_UpdateEntry                          0x00010c49   Thumb Code    50  usbhost_fat.o(.text)
    FILE_Close                               0x00010c7b   Thumb Code    72  usbhost_fat.o(.text)
    Host_DelayUS                             0x00010cd1   Thumb Code    24  usbhost_lpc17xx.o(.text)
    Host_DelayMS                             0x00010ce9   Thumb Code    32  usbhost_lpc17xx.o(.text)
    Host_HCCAInit                            0x00010d09   Thumb Code    26  usbhost_lpc17xx.o(.text)
    Host_TDInit                              0x00010d23   Thumb Code    12  usbhost_lpc17xx.o(.text)
    Host_EDInit                              0x00010d2f   Thumb Code    12  usbhost_lpc17xx.o(.text)
    Host_Init                                0x00010d3b   Thumb Code   490  usbhost_lpc17xx.o(.text)
    USB_IRQHandler                           0x00010f25   Thumb Code   352  usbhost_lpc17xx.o(.text)
    Host_WDHWait                             0x00011085   Thumb Code    18  usbhost_lpc17xx.o(.text)
    Host_ProcessTD                           0x00011097   Thumb Code   322  usbhost_lpc17xx.o(.text)
    WriteLE16U                               0x000111d9   Thumb Code    16  usbhost_lpc17xx.o(.text)
    Host_FillSetup                           0x000111e9   Thumb Code    86  usbhost_lpc17xx.o(.text)
    Host_CtrlSend                            0x0001123f   Thumb Code    98  usbhost_lpc17xx.o(.text)
    ReadLE16U                                0x000112a1   Thumb Code    22  usbhost_lpc17xx.o(.text)
    Host_CtrlRecv                            0x000112b7   Thumb Code    98  usbhost_lpc17xx.o(.text)
    Host_EnumDev                             0x00011319   Thumb Code   348  usbhost_lpc17xx.o(.text)
    ReadLE32U                                0x00011475   Thumb Code    32  usbhost_lpc17xx.o(.text)
    WriteLE32U                               0x00011495   Thumb Code    28  usbhost_lpc17xx.o(.text)
    ReadBE32U                                0x000114b1   Thumb Code    32  usbhost_lpc17xx.o(.text)
    WriteBE32U                               0x000114d1   Thumb Code    28  usbhost_lpc17xx.o(.text)
    ReadBE16U                                0x000114ed   Thumb Code    22  usbhost_lpc17xx.o(.text)
    WriteBE16U                               0x00011503   Thumb Code    16  usbhost_lpc17xx.o(.text)
    Fill_MSCommand                           0x0001152d   Thumb Code   186  usbhost_ms.o(.text)
    MS_Inquire                               0x000115e7   Thumb Code   138  usbhost_ms.o(.text)
    MS_ReadCapacity                          0x00011671   Thumb Code   132  usbhost_ms.o(.text)
    MS_GetSenseInfo                          0x000116f5   Thumb Code   104  usbhost_ms.o(.text)
    MS_TestUnitReady                         0x0001175d   Thumb Code    80  usbhost_ms.o(.text)
    MS_GetMaxLUN                             0x000117ad   Thumb Code    30  usbhost_ms.o(.text)
    MS_Init                                  0x000117cb   Thumb Code    86  usbhost_ms.o(.text)
    MS_ParseConfiguration                    0x00011821   Thumb Code   204  usbhost_ms.o(.text)
    MS_BulkRecv                              0x000118ed   Thumb Code   170  usbhost_ms.o(.text)
    MS_BulkSend                              0x00011997   Thumb Code   120  usbhost_ms.o(.text)
    __aeabi_fadd                             0x00011a21   Thumb Code   164  fadd.o(.text)
    __aeabi_fsub                             0x00011ac5   Thumb Code     6  fadd.o(.text)
    __aeabi_frsub                            0x00011acb   Thumb Code     6  fadd.o(.text)
    __aeabi_fmul                             0x00011ad1   Thumb Code   100  fmul.o(.text)
    __aeabi_fdiv                             0x00011b35   Thumb Code   124  fdiv.o(.text)
    __aeabi_dadd                             0x00011bb1   Thumb Code   322  dadd.o(.text)
    __aeabi_dsub                             0x00011cf3   Thumb Code     6  dadd.o(.text)
    __aeabi_drsub                            0x00011cf9   Thumb Code     6  dadd.o(.text)
    __aeabi_dmul                             0x00011cff   Thumb Code   228  dmul.o(.text)
    __aeabi_ddiv                             0x00011de3   Thumb Code   222  ddiv.o(.text)
    __aeabi_ui2d                             0x00011ec1   Thumb Code    26  dfltui.o(.text)
    __aeabi_f2uiz                            0x00011edb   Thumb Code    40  ffixui.o(.text)
    __aeabi_d2uiz                            0x00011f03   Thumb Code    50  dfixui.o(.text)
    __aeabi_f2d                              0x00011f35   Thumb Code    38  f2d.o(.text)
    __aeabi_cdrcmple                         0x00011f5d   Thumb Code    48  cdrcmple.o(.text)
    __aeabi_d2f                              0x00011f8d   Thumb Code    56  d2f.o(.text)
    __aeabi_cfcmpeq                          0x00011fc5   Thumb Code     0  cfcmple.o(.text)
    __aeabi_cfcmple                          0x00011fc5   Thumb Code    20  cfcmple.o(.text)
    __aeabi_cfrcmple                         0x00011fd9   Thumb Code    20  cfrcmple.o(.text)
    __aeabi_uidiv                            0x00011fed   Thumb Code     0  uidiv.o(.text)
    __aeabi_uidivmod                         0x00011fed   Thumb Code    44  uidiv.o(.text)
    __aeabi_llsl                             0x00012019   Thumb Code    30  llshl.o(.text)
    _ll_shift_l                              0x00012019   Thumb Code     0  llshl.o(.text)
    __aeabi_llsr                             0x00012037   Thumb Code    32  llushr.o(.text)
    _ll_ushift_r                             0x00012037   Thumb Code     0  llushr.o(.text)
    __aeabi_lasr                             0x00012057   Thumb Code    36  llsshr.o(.text)
    _ll_sshift_r                             0x00012057   Thumb Code     0  llsshr.o(.text)
    _float_round                             0x0001207b   Thumb Code    18  fepilogue.o(.text)
    _float_epilogue                          0x0001208d   Thumb Code    92  fepilogue.o(.text)
    _double_round                            0x000120e9   Thumb Code    30  depilogue.o(.text)
    _double_epilogue                         0x00012107   Thumb Code   156  depilogue.o(.text)
    __ARM_scalbn                             0x000121a3   Thumb Code    46  dscalb.o(.text)
    scalbn                                   0x000121a3   Thumb Code     0  dscalb.o(.text)
    __aeabi_d2ulz                            0x000121d1   Thumb Code    48  dfixul.o(.text)
    __scatterload                            0x00012201   Thumb Code    28  init.o(.text)
    __scatterload_rt2                        0x00012201   Thumb Code     0  init.o(.text)
    _dsqrt                                   0x00012225   Thumb Code   162  dsqrt.o(.text)
    __0sprintf$6                             0x000122c9   Thumb Code    34  printf6.o(i.__0sprintf$6)
    __1sprintf$6                             0x000122c9   Thumb Code     0  printf6.o(i.__0sprintf$6)
    __2sprintf                               0x000122c9   Thumb Code     0  printf6.o(i.__0sprintf$6)
    __0vsprintf                              0x000122f1   Thumb Code    30  printfa.o(i.__0vsprintf)
    __1vsprintf                              0x000122f1   Thumb Code     0  printfa.o(i.__0vsprintf)
    __2vsprintf                              0x000122f1   Thumb Code     0  printfa.o(i.__0vsprintf)
    __c89vsprintf                            0x000122f1   Thumb Code     0  printfa.o(i.__0vsprintf)
    vsprintf                                 0x000122f1   Thumb Code     0  printfa.o(i.__0vsprintf)
    __ARM_fpclassify                         0x00012315   Thumb Code    40  fpclassify.o(i.__ARM_fpclassify)
    __kernel_poly                            0x0001233d   Thumb Code   170  poly.o(i.__kernel_poly)
    __mathlib_dbl_divzero                    0x000123e9   Thumb Code    12  dunder.o(i.__mathlib_dbl_divzero)
    __mathlib_dbl_invalid                    0x000123f9   Thumb Code    12  dunder.o(i.__mathlib_dbl_invalid)
    __mathlib_dbl_overflow                   0x00012405   Thumb Code    14  dunder.o(i.__mathlib_dbl_overflow)
    __mathlib_dbl_underflow                  0x00012415   Thumb Code    10  dunder.o(i.__mathlib_dbl_underflow)
    __scatterload_copy                       0x00012425   Thumb Code    14  handlers.o(i.__scatterload_copy)
    __scatterload_zeroinit                   0x00012433   Thumb Code    14  handlers.o(i.__scatterload_zeroinit)
    __set_errno                              0x00012441   Thumb Code     6  errno.o(i.__set_errno)
    pow                                      0x00013055   Thumb Code  2512  pow.o(i.pow)
    sqrt                                     0x00013a2d   Thumb Code    76  sqrt.o(i.sqrt)
    GB_21                                    0x00013a78   Data        7735  lpc177x_8x_lcd.o(.constdata)
    GB_16                                    0x000158af   Data        5644  lpc177x_8x_lcd.o(.constdata)
    LogoStream                               0x00016ebc   Data        1440  logo.o(.constdata)
    Num_1                                    0x0001745c   Data          81  use_disp.o(.constdata)
    Test_Setitem_E                           0x000174ad   Data          80  use_disp.o(.constdata)
    Test_Setitem                             0x000174fd   Data          80  use_disp.o(.constdata)
    Button_TipPage1                          0x0001754d   Data          40  use_disp.o(.constdata)
    Button_TipPage2                          0x00017575   Data          40  use_disp.o(.constdata)
    Button_TipPage3                          0x0001759d   Data          40  use_disp.o(.constdata)
    Cp_Button_Tip                            0x000175c5   Data          40  use_disp.o(.constdata)
    Cs_Button_Tip                            0x000175ed   Data          40  use_disp.o(.constdata)
    Lp_Button_Tip1                           0x00017615   Data          40  use_disp.o(.constdata)
    Lp_Button_Tip2                           0x0001763d   Data          40  use_disp.o(.constdata)
    Ls_Button_Tip                            0x00017665   Data          40  use_disp.o(.constdata)
    Z_Button_Tip                             0x0001768d   Data          40  use_disp.o(.constdata)
    Y_Button_Tip                             0x000176b5   Data          40  use_disp.o(.constdata)
    R_Button_Tip                             0x000176dd   Data          40  use_disp.o(.constdata)
    User_FUNC                                0x00017705   Data         216  use_disp.o(.constdata)
    RangeDisp_Main                           0x000177dd   Data          92  use_disp.o(.constdata)
    RangeDisp_Second                         0x00017839   Data          92  use_disp.o(.constdata)
    Fun_SelectValue                          0x00017895   Data          28  use_disp.o(.constdata)
    FreqNum                                  0x000178b4   Data         152  use_disp.o(.constdata)
    User_Freq                                0x0001794c   Data         451  use_disp.o(.constdata)
    Setup_Beep_E                             0x00017b0f   Data          21  use_disp.o(.constdata)
    Setup_Beep                               0x00017b24   Data          21  use_disp.o(.constdata)
    FreqButton_Tip                           0x00017b39   Data          40  use_disp.o(.constdata)
    User_Level                               0x00017b61   Data          33  use_disp.o(.constdata)
    LevleButton_Tip                          0x00017b82   Data          16  use_disp.o(.constdata)
    User_Range                               0x00017b92   Data          77  use_disp.o(.constdata)
    RangeButton_Tip                          0x00017bdf   Data          32  use_disp.o(.constdata)
    User_Biad                                0x00017bff   Data          11  use_disp.o(.constdata)
    BiasButton_Tip                           0x00017c0a   Data          16  use_disp.o(.constdata)
    User_Speed                               0x00017c1a   Data          33  use_disp.o(.constdata)
    SpeedButton_Tip                          0x00017c3b   Data          24  use_disp.o(.constdata)
    User_Comp                                0x00017c53   Data          22  use_disp.o(.constdata)
    Limit_Scan_Fun                           0x00017c69   Data          10  use_disp.o(.constdata)
    Limit_Scan_Page                          0x00017c73   Data          14  use_disp.o(.constdata)
    Sys_Bais_Value                           0x00017c81   Data          14  use_disp.o(.constdata)
    Sys_Addr_value                           0x00017c8f   Data          35  use_disp.o(.constdata)
    Switch_Value                             0x00017cb2   Data          10  use_disp.o(.constdata)
    CompButton_Tip                           0x00017cbc   Data          16  use_disp.o(.constdata)
    User_ListMode                            0x00017ccc   Data          22  use_disp.o(.constdata)
    ListModeButton_Tip                       0x00017ce2   Data          16  use_disp.o(.constdata)
    Setup_Trig                               0x00017cf2   Data          44  use_disp.o(.constdata)
    SetupTrig_Button_Tip                     0x00017d1e   Data          32  use_disp.o(.constdata)
    Setup_Alc                                0x00017d3e   Data          22  use_disp.o(.constdata)
    SetupAlc_Button_Tip                      0x00017d54   Data          16  use_disp.o(.constdata)
    Setup_Rsou                               0x00017d64   Data          22  use_disp.o(.constdata)
    SetupRsou_Button_Tip                     0x00017d7a   Data          16  use_disp.o(.constdata)
    SetupTrigDly_Button_Tip                  0x00017d8a   Data          16  use_disp.o(.constdata)
    Setup_Rev_A                              0x00017d9a   Data          33  use_disp.o(.constdata)
    SetupRev_A_Button_Tip                    0x00017dbb   Data          24  use_disp.o(.constdata)
    Setup_Rev_B                              0x00017dd3   Data          33  use_disp.o(.constdata)
    SetupRev_B_Button_Tip                    0x00017df4   Data          24  use_disp.o(.constdata)
    SetupAvg_Button_Tip                      0x00017e0c   Data          16  use_disp.o(.constdata)
    Setup_Vm                                 0x00017e1c   Data          22  use_disp.o(.constdata)
    SetupVm_Button_Tip                       0x00017e32   Data          16  use_disp.o(.constdata)
    Setup_Dcr                                0x00017e42   Data          22  use_disp.o(.constdata)
    SetupDcr_Button_Tip                      0x00017e58   Data          16  use_disp.o(.constdata)
    SetupRefa_Button_Tip                     0x00017e68   Data           8  use_disp.o(.constdata)
    SetupRefB_Button_Tip                     0x00017e70   Data           8  use_disp.o(.constdata)
    Correct_Open                             0x00017e78   Data          22  use_disp.o(.constdata)
    CorrectOpen_Button_Tip                   0x00017e8e   Data          16  use_disp.o(.constdata)
    Correct_Short                            0x00017e9e   Data          22  use_disp.o(.constdata)
    CorrectShort_Button_Tip                  0x00017eb4   Data          16  use_disp.o(.constdata)
    Correct_Load                             0x00017ec4   Data          22  use_disp.o(.constdata)
    CorrectLoad_Button_Tip                   0x00017eda   Data          16  use_disp.o(.constdata)
    CorrectSpot_Button_Tip                   0x00017eea   Data          32  use_disp.o(.constdata)
    Correct_Freq                             0x00017f0a   Data          22  use_disp.o(.constdata)
    CorrectFreq_Button_Tip                   0x00017f20   Data          16  use_disp.o(.constdata)
    Correct_Cable                            0x00017f30   Data          44  use_disp.o(.constdata)
    CorrectCable_Button_Tip                  0x00017f5c   Data          32  use_disp.o(.constdata)
    Range_Item                               0x00017f7c   Data          48  use_disp.o(.constdata)
    Range_Item_E                             0x00017fac   Data          48  use_disp.o(.constdata)
    Set_testitem                             0x00017fdc   Data         100  use_disp.o(.constdata)
    Set_testitem_E                           0x00018040   Data         100  use_disp.o(.constdata)
    Sys_Setitem                              0x000180a4   Data         132  use_disp.o(.constdata)
    Sys_Setitem_E                            0x00018128   Data         132  use_disp.o(.constdata)
    All_TopName                              0x000181ac   Data         242  use_disp.o(.constdata)
    All_TopName_E                            0x0001829e   Data         242  use_disp.o(.constdata)
    Range_Count_Item                         0x00018390   Data          21  use_disp.o(.constdata)
    Range_Count_Item_E                       0x000183a5   Data          21  use_disp.o(.constdata)
    User_Check_Item                          0x000183ba   Data          26  use_disp.o(.constdata)
    User_Check_Opencircuit                   0x000183d4   Data          16  use_disp.o(.constdata)
    DEBUG_Check_Opencircuit                  0x000183e4   Data          16  use_disp.o(.constdata)
    DEBUG_Check_Opencircuit_E                0x000183f4   Data          16  use_disp.o(.constdata)
    User_Check_Shortcircuit                  0x00018404   Data          16  use_disp.o(.constdata)
    User_Check_Item_E                        0x00018414   Data          26  use_disp.o(.constdata)
    User_LimitList_Item                      0x0001842e   Data          48  use_disp.o(.constdata)
    User_LimitList_Value                     0x0001845e   Data           8  use_disp.o(.constdata)
    User_LimitList_Item_E                    0x00018466   Data          48  use_disp.o(.constdata)
    User_LimitList_Item2                     0x00018496   Data          44  use_disp.o(.constdata)
    User_LimitScan_Item2                     0x000184c2   Data          44  use_disp.o(.constdata)
    User_ListScan_Item                       0x000184ee   Data          63  use_disp.o(.constdata)
    User_ListScan_Item_E                     0x0001852d   Data          63  use_disp.o(.constdata)
    Sys_Language_Value                       0x0001856c   Data          16  use_disp.o(.constdata)
    Sys_Buard_Value                          0x0001857c   Data          49  use_disp.o(.constdata)
    Set_Unit                                 0x000185ad   Data          60  use_disp.o(.constdata)
    Disp_Unit                                0x000185e9   Data          21  use_disp.o(.constdata)
    Disp_Range_Main_NUm                      0x000185fe   Data          24  use_disp.o(.constdata)
    Disp_Range_Main_Disp                     0x00018616   Data          21  use_disp.o(.constdata)
    Main_Func_Comp                           0x0001862c   Data         192  use_disp.o(.constdata)
    Correction_Capacitance                   0x000186ec   Data          64  use_disp.o(.constdata)
    Correction_Resist                        0x0001872c   Data          40  use_disp.o(.constdata)
    NUM_OUT                                  0x00018754   Data          44  use_disp.o(.constdata)
    _C                                       0x00019204   Data         280  asciilib.o(.constdata)
    _p                                       0x0001931c   Data         280  asciilib.o(.constdata)
    _num                                     0x00019434   Data        2720  asciilib.o(.constdata)
    Out_Assic                                0x00019ed4   Data        7440  asciilib.o(.constdata)
    nBitmapDot                               0x0001bbe4   Data         144  asciilib.o(.constdata)
    gImage_open                              0x0001bc74   Data       391680  test.o(.constdata)
    Disp_Unit1                               0x0007b674   Data           7  test.o(.constdata)
    Uart_Ordel                               0x0007b67b   Data           9  test.o(.constdata)
    READDATA                                 0x0007b684   Data           7  test.o(.constdata)
    Disp_Main_Ord                            0x0007b68b   Data          69  test.o(.constdata)
    UNIT_VALUE                               0x0007b6d0   Data          60  test.o(.constdata)
    Scan_Value                               0x0007b70c   Data           8  key.o(.constdata)
    __mathlib_zero                           0x0007b7a0   Data           8  qnan.o(.constdata)
    Region$$Table$$Base                      0x0007b820   Number         0  anon$$obj.o(Region$$Table)
    Region$$Table$$Limit                     0x0007b840   Number         0  anon$$obj.o(Region$$Table)
    SysTickCnt                               0x10000000   Data           4  main.o(.data)
    color_table                              0x10000004   Data          20  main.o(.data)
    timer0_counter                           0x10000018   Data           4  timer.o(.data)
    timer1_counter                           0x1000001c   Data           4  timer.o(.data)
    timer2_counter                           0x10000020   Data           4  timer.o(.data)
    timer3_counter                           0x10000024   Data           4  timer.o(.data)
    Colour                                   0x10000028   Data           8  lpc177x_8x_lcd.o(.data)
    LogoPic                                  0x10000030   Data          28  logo.o(.data)
    CorrectionflagC                          0x1000004c   Data           1  use_disp.o(.data)
    CorrectionflagR                          0x1000004d   Data           1  use_disp.o(.data)
    Correc_successflag                       0x1000004e   Data           1  use_disp.o(.data)
    Setup_Valueall                           0x10000050   Data           8  use_disp.o(.data)
    PASSWORD                                 0x10000058   Data           4  test.o(.data)
    Avg_Count                                0x1000005c   Data           1  test.o(.data)
    Send_Mainord                             0x10000060   Data           6  globalvalue.o(.data)
    usb_oenflag                              0x10000066   Data           1  globalvalue.o(.data)
    Debug_over                               0x10000067   Data           1  globalvalue.o(.data)
    Comp_flag                                0x10000068   Data           1  globalvalue.o(.data)
    debug_over                               0x10000069   Data           1  globalvalue.o(.data)
    Rtc_intflag                              0x1000006a   Data           1  globalvalue.o(.data)
    softswitch                               0x1000006b   Data           1  globalvalue.o(.data)
    Uart_Send_Flag                           0x1000006c   Data           1  globalvalue.o(.data)
    MenuIndex                                0x10000070   Data           4  globalvalue.o(.data)
    MenuSelect                               0x10000074   Data           4  globalvalue.o(.data)
    SystemStatus                             0x10000078   Data           4  globalvalue.o(.data)
    SystemMessage                            0x1000007c   Data           4  globalvalue.o(.data)
    Disp_Coordinates                         0x10000080   Data           6  globalvalue.o(.data)
    Usb_Open_flag                            0x10000086   Data           1  globalvalue.o(.data)
    SystemCoreClock                          0x1000008c   Data           4  system_lpc177x_8x.o(.data)
    PeripheralClock                          0x10000090   Data           4  system_lpc177x_8x.o(.data)
    EMCClock                                 0x10000094   Data           4  system_lpc177x_8x.o(.data)
    USBClock                                 0x10000098   Data           4  system_lpc177x_8x.o(.data)
    _db_msg                                  0x1000009c   Data           4  debug_frmwrk.o(.data)
    _db_msg_                                 0x100000a0   Data           4  debug_frmwrk.o(.data)
    _db_char                                 0x100000a4   Data           4  debug_frmwrk.o(.data)
    _db_dec                                  0x100000a8   Data           4  debug_frmwrk.o(.data)
    _db_dec_16                               0x100000ac   Data           4  debug_frmwrk.o(.data)
    _db_dec_32                               0x100000b0   Data           4  debug_frmwrk.o(.data)
    _db_hex                                  0x100000b4   Data           4  debug_frmwrk.o(.data)
    _db_hex_16                               0x100000b8   Data           4  debug_frmwrk.o(.data)
    _db_hex_32                               0x100000bc   Data           4  debug_frmwrk.o(.data)
    _db_hex_                                 0x100000c0   Data           4  debug_frmwrk.o(.data)
    _db_hex_16_                              0x100000c4   Data           4  debug_frmwrk.o(.data)
    _db_hex_32_                              0x100000c8   Data           4  debug_frmwrk.o(.data)
    _db_get_char                             0x100000cc   Data           4  debug_frmwrk.o(.data)
    _db_get_val                              0x100000d0   Data           4  debug_frmwrk.o(.data)
    gUSBConnected                            0x100000d4   Data           4  usbhost_lpc17xx.o(.data)
    HOST_RhscIntr                            0x100000d8   Data           4  usbhost_lpc17xx.o(.data)
    HOST_WdhIntr                             0x100000dc   Data           4  usbhost_lpc17xx.o(.data)
    HOST_TDControlStatus                     0x100000e0   Data           1  usbhost_lpc17xx.o(.data)
    EDCtrl                                   0x100000e4   Data           4  usbhost_lpc17xx.o(.data)
    EDBulkIn                                 0x100000e8   Data           4  usbhost_lpc17xx.o(.data)
    EDBulkOut                                0x100000ec   Data           4  usbhost_lpc17xx.o(.data)
    TDHead                                   0x100000f0   Data           4  usbhost_lpc17xx.o(.data)
    TDTail                                   0x100000f4   Data           4  usbhost_lpc17xx.o(.data)
    Hcca                                     0x100000f8   Data           4  usbhost_lpc17xx.o(.data)
    TDBufNonVol                              0x100000fc   Data           4  usbhost_lpc17xx.o(.data)
    TDBuffer                                 0x10000100   Data           4  usbhost_lpc17xx.o(.data)
    FATBuffer                                0x10000104   Data           4  usbhost_lpc17xx.o(.data)
    UserBuffer                               0x10000108   Data           4  usbhost_lpc17xx.o(.data)
    UnrecoverableIntCount                    0x1000010c   Data           4  usbhost_lpc17xx.o(.data)
    MS_BlkSize                               0x10000110   Data           4  usbhost_ms.o(.data)
    Avg_Test_Main                            0x1000011c   Data         150  test.o(.bss)
    Avg_Test_Second                          0x100001b2   Data         150  test.o(.bss)
    SaveData                                 0x10000248   Data       15116  globalvalue.o(.bss)
    Saveeeprom                               0x10003d54   Data         652  globalvalue.o(.bss)
    Test_Dispvalue                           0x10003fe0   Data         148  globalvalue.o(.bss)
    Comp_Testvalue                           0x10004074   Data          96  globalvalue.o(.bss)
    Comp_Change                              0x100040d4   Data          80  globalvalue.o(.bss)
    Count_buff                               0x10004124   Data          48  globalvalue.o(.bss)
    DispBuf                                  0x10004154   Data          12  globalvalue.o(.bss)
    RTC_TIME_DISP                            0x10004160   Data          32  rtc.o(.bss)
    ComBuf                                   0x10004180   Data          85  debug_frmwrk.o(.bss)
    ComBuf3                                  0x100041d5   Data          85  debug_frmwrk.o(.bss)
    __initial_sp                             0x10004838   Data           0  startup_lpc177x_8x.o(STACK)



==============================================================================

Memory Map of the image

  Image Entry point : 0x000000e5

  Load Region LR_IROM1 (Base: 0x00000000, Size: 0x0007b95c, Max: 0x00080000, ABSOLUTE)

    Execution Region ER_IROM1 (Exec base: 0x00000000, Load base: 0x00000000, Size: 0x0007b840, Max: 0x00080000, ABSOLUTE)

    Exec Addr    Load Addr    Size         Type   Attr      Idx    E Section Name        Object

    0x00000000   0x00000000   0x000000e4   Data   RO          505    RESET               startup_lpc177x_8x.o
    0x000000e4   0x000000e4   0x00000000   Code   RO          772  * .ARM.Collect$$$$00000000  mc_w.l(entry.o)
    0x000000e4   0x000000e4   0x00000004   Code   RO         1107    .ARM.Collect$$$$00000001  mc_w.l(entry2.o)
    0x000000e8   0x000000e8   0x00000004   Code   RO         1110    .ARM.Collect$$$$00000004  mc_w.l(entry5.o)
    0x000000ec   0x000000ec   0x00000000   Code   RO         1112    .ARM.Collect$$$$00000008  mc_w.l(entry7b.o)
    0x000000ec   0x000000ec   0x00000000   Code   RO         1114    .ARM.Collect$$$$0000000A  mc_w.l(entry8b.o)
    0x000000ec   0x000000ec   0x00000008   Code   RO         1115    .ARM.Collect$$$$0000000B  mc_w.l(entry9a.o)
    0x000000f4   0x000000f4   0x00000000   Code   RO         1117    .ARM.Collect$$$$0000000D  mc_w.l(entry10a.o)
    0x000000f4   0x000000f4   0x00000000   Code   RO         1119    .ARM.Collect$$$$0000000F  mc_w.l(entry11a.o)
    0x000000f4   0x000000f4   0x00000004   Code   RO         1108    .ARM.Collect$$$$00002712  mc_w.l(entry2.o)
    0x000000f8   0x000000f8   0x00000040   Code   RO          301    .text               asciilib.o
    0x00000138   0x00000138   0x00000040   Code   RO          423    .text               globalvalue.o
    0x00000178   0x00000178   0x00000068   Code   RO          482    .text               rtc.o
    0x000001e0   0x000001e0   0x00000024   Code   RO          507    .text               startup_lpc177x_8x.o
    0x00000204   0x00000204   0x00000062   Code   RO          775    .text               mc_w.l(uldiv.o)
    0x00000266   0x00000266   0x00000024   Code   RO          777    .text               mc_w.l(memcpya.o)
    0x0000028a   0x0000028a   0x00000024   Code   RO          779    .text               mc_w.l(memseta.o)
    0x000002ae   0x000002ae   0x0000001c   Code   RO          781    .text               mc_w.l(strcmp.o)
    0x000002ca   0x000002ca   0x0000000a   Code   RO         1058    .text               mf_w.l(ffltui.o)
    0x000002d4   0x000002d4   0x00000022   Code   RO         1060    .text               mf_w.l(dflti.o)
    0x000002f6   0x000002f6   0x00000000   Code   RO         1139    .text               mc_w.l(iusefp.o)
    0x000002f6   0x000002f6   0x00000004   Code   RO         1082    i.__mathlib_dbl_infnan2  m_ws.l(dunder.o)
    0x000002fa   0x000002fa   0x00000002   Code   RO         1157    i.__scatterload_null  mc_w.l(handlers.o)
    0x000002fc   0x000002fc   0x00000004   Code   RO          506    .ARM.__at_0x02FC    startup_lpc177x_8x.o
    0x00000300   0x00000300   0x00000288   Code   RO            2    .text               ex_sdram.o
    0x00000588   0x00000588   0x000002b0   Code   RO           54    .text               main.o
    0x00000838   0x00000838   0x000002f4   Code   RO          159    .text               timer.o
    0x00000b2c   0x00000b2c   0x00000d04   Code   RO          185    .text               lpc177x_8x_lcd.o
    0x00001830   0x00001830   0x000072c8   Code   RO          260    .text               use_disp.o
    0x00008af8   0x00008af8   0x00004dd8   Code   RO          320    .text               test.o
    0x0000d8d0   0x0000d8d0   0x000005e6   Code   RO          446    .text               lpc177x_8x_rtc.o
    0x0000deb6   0x0000deb6   0x00000002   PAD
    0x0000deb8   0x0000deb8   0x00000480   Code   RO          462    .text               key.o
    0x0000e338   0x0000e338   0x00000384   Code   RO          514    .text               system_lpc177x_8x.o
    0x0000e6bc   0x0000e6bc   0x00000452   Code   RO          542    .text               lpc177x_8x_gpio.o
    0x0000eb0e   0x0000eb0e   0x00000002   PAD
    0x0000eb10   0x0000eb10   0x00000110   Code   RO          577    .text               lpc177x_8x_clkpwr.o
    0x0000ec20   0x0000ec20   0x00000838   Code   RO          612    .text               lpc177x_8x_uart.o
    0x0000f458   0x0000f458   0x000008fc   Code   RO          628    .text               debug_frmwrk.o
    0x0000fd54   0x0000fd54   0x00000248   Code   RO          656    .text               lpc177x_8x_pinsel.o
    0x0000ff9c   0x0000ff9c   0x000002b8   Code   RO          672    .text               lpc177x_8x_eeprom.o
    0x00010254   0x00010254   0x00000a7c   Code   RO          688    .text               usbhost_fat.o
    0x00010cd0   0x00010cd0   0x0000085c   Code   RO          709    .text               usbhost_lpc17xx.o
    0x0001152c   0x0001152c   0x000004f4   Code   RO          741    .text               usbhost_ms.o
    0x00011a20   0x00011a20   0x000000b0   Code   RO         1046    .text               mf_w.l(fadd.o)
    0x00011ad0   0x00011ad0   0x00000064   Code   RO         1048    .text               mf_w.l(fmul.o)
    0x00011b34   0x00011b34   0x0000007c   Code   RO         1050    .text               mf_w.l(fdiv.o)
    0x00011bb0   0x00011bb0   0x0000014e   Code   RO         1052    .text               mf_w.l(dadd.o)
    0x00011cfe   0x00011cfe   0x000000e4   Code   RO         1054    .text               mf_w.l(dmul.o)
    0x00011de2   0x00011de2   0x000000de   Code   RO         1056    .text               mf_w.l(ddiv.o)
    0x00011ec0   0x00011ec0   0x0000001a   Code   RO         1062    .text               mf_w.l(dfltui.o)
    0x00011eda   0x00011eda   0x00000028   Code   RO         1064    .text               mf_w.l(ffixui.o)
    0x00011f02   0x00011f02   0x00000032   Code   RO         1066    .text               mf_w.l(dfixui.o)
    0x00011f34   0x00011f34   0x00000026   Code   RO         1068    .text               mf_w.l(f2d.o)
    0x00011f5a   0x00011f5a   0x00000002   PAD
    0x00011f5c   0x00011f5c   0x00000030   Code   RO         1072    .text               mf_w.l(cdrcmple.o)
    0x00011f8c   0x00011f8c   0x00000038   Code   RO         1074    .text               mf_w.l(d2f.o)
    0x00011fc4   0x00011fc4   0x00000014   Code   RO         1076    .text               mf_w.l(cfcmple.o)
    0x00011fd8   0x00011fd8   0x00000014   Code   RO         1078    .text               mf_w.l(cfrcmple.o)
    0x00011fec   0x00011fec   0x0000002c   Code   RO         1124    .text               mc_w.l(uidiv.o)
    0x00012018   0x00012018   0x0000001e   Code   RO         1126    .text               mc_w.l(llshl.o)
    0x00012036   0x00012036   0x00000020   Code   RO         1128    .text               mc_w.l(llushr.o)
    0x00012056   0x00012056   0x00000024   Code   RO         1130    .text               mc_w.l(llsshr.o)
    0x0001207a   0x0001207a   0x0000006e   Code   RO         1140    .text               mf_w.l(fepilogue.o)
    0x000120e8   0x000120e8   0x000000ba   Code   RO         1142    .text               mf_w.l(depilogue.o)
    0x000121a2   0x000121a2   0x0000002e   Code   RO         1144    .text               mf_w.l(dscalb.o)
    0x000121d0   0x000121d0   0x00000030   Code   RO         1146    .text               mf_w.l(dfixul.o)
    0x00012200   0x00012200   0x00000024   Code   RO         1148    .text               mc_w.l(init.o)
    0x00012224   0x00012224   0x000000a2   Code   RO         1152    .text               mf_w.l(dsqrt.o)
    0x000122c6   0x000122c6   0x00000002   PAD
    0x000122c8   0x000122c8   0x00000028   Code   RO          942    i.__0sprintf$6      mc_w.l(printf6.o)
    0x000122f0   0x000122f0   0x00000024   Code   RO         1024    i.__0vsprintf       mc_w.l(printfa.o)
    0x00012314   0x00012314   0x00000028   Code   RO         1094    i.__ARM_fpclassify  m_ws.l(fpclassify.o)
    0x0001233c   0x0001233c   0x000000aa   Code   RO         1096    i.__kernel_poly     m_ws.l(poly.o)
    0x000123e6   0x000123e6   0x00000002   PAD
    0x000123e8   0x000123e8   0x00000010   Code   RO         1080    i.__mathlib_dbl_divzero  m_ws.l(dunder.o)
    0x000123f8   0x000123f8   0x0000000c   Code   RO         1083    i.__mathlib_dbl_invalid  m_ws.l(dunder.o)
    0x00012404   0x00012404   0x0000000e   Code   RO         1084    i.__mathlib_dbl_overflow  m_ws.l(dunder.o)
    0x00012412   0x00012412   0x00000002   PAD
    0x00012414   0x00012414   0x00000010   Code   RO         1086    i.__mathlib_dbl_underflow  m_ws.l(dunder.o)
    0x00012424   0x00012424   0x0000000e   Code   RO         1156    i.__scatterload_copy  mc_w.l(handlers.o)
    0x00012432   0x00012432   0x0000000e   Code   RO         1158    i.__scatterload_zeroinit  mc_w.l(handlers.o)
    0x00012440   0x00012440   0x0000000c   Code   RO         1134    i.__set_errno       mc_w.l(errno.o)
    0x0001244c   0x0001244c   0x00000184   Code   RO         1025    i._fp_digits        mc_w.l(printfa.o)
    0x000125d0   0x000125d0   0x000002f0   Code   RO          947    i._printf_core      mc_w.l(printf6.o)
    0x000128c0   0x000128c0   0x000006dc   Code   RO         1026    i._printf_core      mc_w.l(printfa.o)
    0x00012f9c   0x00012f9c   0x00000024   Code   RO          948    i._printf_post_padding  mc_w.l(printf6.o)
    0x00012fc0   0x00012fc0   0x00000024   Code   RO         1027    i._printf_post_padding  mc_w.l(printfa.o)
    0x00012fe4   0x00012fe4   0x0000002e   Code   RO          949    i._printf_pre_padding  mc_w.l(printf6.o)
    0x00013012   0x00013012   0x0000002e   Code   RO         1028    i._printf_pre_padding  mc_w.l(printfa.o)
    0x00013040   0x00013040   0x0000000a   Code   RO          951    i._sputc            mc_w.l(printf6.o)
    0x0001304a   0x0001304a   0x0000000a   Code   RO         1030    i._sputc            mc_w.l(printfa.o)
    0x00013054   0x00013054   0x000009d8   Code   RO          763    i.pow               m_ws.l(pow.o)
    0x00013a2c   0x00013a2c   0x0000004c   Code   RO         1100    i.sqrt              m_ws.l(sqrt.o)
    0x00013a78   0x00013a78   0x00003443   Data   RO          186    .constdata          lpc177x_8x_lcd.o
    0x00016ebb   0x00016ebb   0x00000001   PAD
    0x00016ebc   0x00016ebc   0x000005a0   Data   RO          222    .constdata          logo.o
    0x0001745c   0x0001745c   0x00001344   Data   RO          261    .constdata          use_disp.o
    0x000187a0   0x000187a0   0x000034d4   Data   RO          302    .constdata          asciilib.o
    0x0001bc74   0x0001bc74   0x0005fa98   Data   RO          322    .constdata          test.o
    0x0007b70c   0x0007b70c   0x00000008   Data   RO          463    .constdata          key.o
    0x0007b714   0x0007b714   0x00000004   PAD
    0x0007b718   0x0007b718   0x00000088   Data   RO          764    .constdata          m_ws.l(pow.o)
    0x0007b7a0   0x0007b7a0   0x00000008   Data   RO         1098    .constdata          m_ws.l(qnan.o)
    0x0007b7a8   0x0007b7a8   0x0000000e   Data   RO          223    .conststring        logo.o
    0x0007b7b6   0x0007b7b6   0x00000002   PAD
    0x0007b7b8   0x0007b7b8   0x00000009   Data   RO          323    .conststring        test.o
    0x0007b7c1   0x0007b7c1   0x00000003   PAD
    0x0007b7c4   0x0007b7c4   0x00000059   Data   RO          630    .conststring        debug_frmwrk.o
    0x0007b81d   0x0007b81d   0x00000003   PAD
    0x0007b820   0x0007b820   0x00000020   Data   RO         1154    Region$$Table       anon$$obj.o


    Execution Region RW_IRAM1 (Exec base: 0x10000000, Load base: 0x0007b840, Size: 0x00004838, Max: 0x00010000, ABSOLUTE)

    Exec Addr    Load Addr    Size         Type   Attr      Idx    E Section Name        Object

    0x10000000   0x0007b840   0x00000018   Data   RW           55    .data               main.o
    0x10000018   0x0007b858   0x00000010   Data   RW          160    .data               timer.o
    0x10000028   0x0007b868   0x00000008   Data   RW          187    .data               lpc177x_8x_lcd.o
    0x10000030   0x0007b870   0x0000001c   Data   RW          224    .data               logo.o
    0x1000004c   0x0007b88c   0x0000000c   Data   RW          262    .data               use_disp.o
    0x10000058   0x0007b898   0x00000006   Data   RW          324    .data               test.o
    0x1000005e   0x0007b89e   0x00000002   PAD
    0x10000060   0x0007b8a0   0x00000027   Data   RW          425    .data               globalvalue.o
    0x10000087   0x0007b8c7   0x00000002   Data   RW          464    .data               key.o
    0x10000089   0x0007b8c9   0x00000003   PAD
    0x1000008c   0x0007b8cc   0x00000010   Data   RW          515    .data               system_lpc177x_8x.o
    0x1000009c   0x0007b8dc   0x00000038   Data   RW          631    .data               debug_frmwrk.o
    0x100000d4   0x0007b914   0x0000003c   Data   RW          710    .data               usbhost_lpc17xx.o
    0x10000110   0x0007b950   0x00000008   Data   RW          742    .data               usbhost_ms.o
    0x10000118   0x0007b958   0x00000004   Data   RW         1135    .data               mc_w.l(errno.o)
    0x1000011c        -       0x0000012c   Zero   RW          321    .bss                test.o
    0x10000248        -       0x00003f18   Zero   RW          424    .bss                globalvalue.o
    0x10004160        -       0x00000020   Zero   RW          483    .bss                rtc.o
    0x10004180        -       0x000002ab   Zero   RW          629    .bss                debug_frmwrk.o
    0x1000442b   0x0007b95c   0x00000001   PAD
    0x1000442c        -       0x00000208   Zero   RW          689    .bss                usbhost_fat.o
    0x10004634   0x0007b95c   0x00000004   PAD
    0x10004638        -       0x00000200   Zero   RW          503    STACK               startup_lpc177x_8x.o


==============================================================================

Image component sizes


      Code (inc. data)   RO Data    RW Data    ZI Data      Debug   Object Name

        64         10      13524          0          0       1445   asciilib.o
      2300        216         89         56        683      10921   debug_frmwrk.o
       648         36          0          0          0      28707   ex_sdram.o
        64          8          0         39      16152       7603   globalvalue.o
      1152         18          8          2          0       5297   key.o
         0          0       1454         28          0        493   logo.o
       272         28          0          0          0       1531   lpc177x_8x_clkpwr.o
       696         16          0          0          0       1917   lpc177x_8x_eeprom.o
      1106         28          0          0          0       9288   lpc177x_8x_gpio.o
      3332         80      13379          8          0      19315   lpc177x_8x_lcd.o
       584          6          0          0          0       4782   lpc177x_8x_pinsel.o
      1510         64          0          0          0       5631   lpc177x_8x_rtc.o
      2104         30          0          0          0       9557   lpc177x_8x_uart.o
       688         72          0         24          0      38239   main.o
       104         14          0          0         32       3353   rtc.o
        40         12        228          0        512       1108   startup_lpc177x_8x.o
       900         38          0         16          0       1283   system_lpc177x_8x.o
     19928       1508     391841          6        300      72387   test.o
       756         36          0         16          0      19257   timer.o
      2684         40          0          0        520      10260   usbhost_fat.o
      2140        126          0         60          0      26235   usbhost_lpc17xx.o
      1268         42          0          8          0       4969   usbhost_ms.o
     29384       2478       4932         12          0      42309   use_disp.o

    ----------------------------------------------------------------------
     71728       4906     425500        280      18204     325887   Object Totals
         0          0         32          0          0          0   (incl. Generated)
         4          0         13          5          5          0   (incl. Padding)

    ----------------------------------------------------------------------

      Code (inc. data)   RO Data    RW Data    ZI Data      Debug   Library Member Name

        62         10          0          0          0        340   dunder.o
        40          0          0          0          0         68   fpclassify.o
       170          0          0          0          0         96   poly.o
      2520        190        136          0          0        324   pow.o
         0          0          8          0          0          0   qnan.o
        76          0          0          0          0         84   sqrt.o
         0          0          0          0          0          0   entry.o
         0          0          0          0          0          0   entry10a.o
         0          0          0          0          0          0   entry11a.o
         8          4          0          0          0          0   entry2.o
         4          0          0          0          0          0   entry5.o
         0          0          0          0          0          0   entry7b.o
         0          0          0          0          0          0   entry8b.o
         8          4          0          0          0          0   entry9a.o
        12          6          0          4          0         68   errno.o
        30          0          0          0          0          0   handlers.o
        36          8          0          0          0         68   init.o
         0          0          0          0          0          0   iusefp.o
        30          0          0          0          0         68   llshl.o
        36          0          0          0          0         68   llsshr.o
        32          0          0          0          0         68   llushr.o
        36          0          0          0          0         68   memcpya.o
        36          0          0          0          0        108   memseta.o
       884         10          0          0          0        420   printf6.o
      2272         86          0          0          0        516   printfa.o
        28          0          0          0          0         76   strcmp.o
        44          0          0          0          0         80   uidiv.o
        98          0          0          0          0         92   uldiv.o
        48          0          0          0          0         68   cdrcmple.o
        20          0          0          0          0         68   cfcmple.o
        20          0          0          0          0         68   cfrcmple.o
        56          0          0          0          0         88   d2f.o
       334          0          0          0          0        148   dadd.o
       222          0          0          0          0        100   ddiv.o
       186          0          0          0          0        176   depilogue.o
        50          0          0          0          0         76   dfixui.o
        48          0          0          0          0         68   dfixul.o
        34          0          0          0          0         76   dflti.o
        26          0          0          0          0         76   dfltui.o
       228          0          0          0          0         96   dmul.o
        46          0          0          0          0         80   dscalb.o
       162          0          0          0          0        100   dsqrt.o
        38          0          0          0          0         68   f2d.o
       176          0          0          0          0        140   fadd.o
       124          0          0          0          0         88   fdiv.o
       110          0          0          0          0        168   fepilogue.o
        40          0          0          0          0         68   ffixui.o
        10          0          0          0          0         68   ffltui.o
       100          0          0          0          0         76   fmul.o

    ----------------------------------------------------------------------
      8548        318        144          4          0       4576   Library Totals
         8          0          0          0          0          0   (incl. Padding)

    ----------------------------------------------------------------------

      Code (inc. data)   RO Data    RW Data    ZI Data      Debug   Library Name

      2868        200        144          0          0        912   m_ws.l
      3594        118          0          4          0       1700   mc_w.l
      2078          0          0          0          0       1964   mf_w.l

    ----------------------------------------------------------------------
      8548        318        144          4          0       4576   Library Totals

    ----------------------------------------------------------------------

==============================================================================


      Code (inc. data)   RO Data    RW Data    ZI Data      Debug   

     80276       5224     425644        284      18204     326247   Grand Totals
     80276       5224     425644        284      18204     326247   ELF Image Totals
     80276       5224     425644        284          0          0   ROM Totals

==============================================================================

    Total RO  Size (Code + RO Data)               505920 ( 494.06kB)
    Total RW  Size (RW Data + ZI Data)             18488 (  18.05kB)
    Total ROM Size (Code + RO Data + RW Data)     506204 ( 494.34kB)

==============================================================================

